============================================================
SMILify Benchmark (singleview)
============================================================
Model type: singleview
Checkpoint: prior_study_results_2d/lam1e-1/sv_constrained/.bench_ckpt/sv_constrained_lam1e-1.pth
Dataset: /home/mkd34160/test/SMILify/SMILySTICKS_centred_reprojected_FIXED.h5
Output dir: /rwthfs/rz/cluster/home/mkd34160/2d/SMILify/benchmark_singleview_sv_constrained_lam1e-1_on_SMILySTICKS_centred_reprojected_FIXED
Timestamp: 2026-09-20T22:50:22
Device: cuda
Override original image size: 1530x1530
[config] SMAL_FILE overridden to: 3D_model_prep/SMILy_STICK_limits_authored.pkl
[config] N_POSE=54, N_BETAS=5, joints=55
Singleview model config:
  backbone: vit_large_patch16_224
  head_type: transformer_decoder
  rotation_representation: 6d
  scale_trans_mode: separate
  shape_family: -1
  input_resolution: 224
[ViTBackbone:vit_large_patch16_224] input normalization: mean=[0.5, 0.5, 0.5], std=[0.5, 0.5, 0.5]
  Missing keys (will use init): ['betas', 'log_beta_scales', 'betas_trans', 'global_rotation', 'trans']...
Loaded singleview model (329,916,907 params)

HDF5 INVENTORY:
GROUP:   auxiliary
DATASET: auxiliary/camera_names | shape=(101250,) | dtype=object
DATASET: auxiliary/frame_idx | shape=(101250,) | dtype=int64
DATASET: auxiliary/has_3d_data | shape=(101250,) | dtype=bool
DATASET: auxiliary/has_ground_truth_betas | shape=(101250,) | dtype=bool
DATASET: auxiliary/num_views | shape=(101250,) | dtype=int64
DATASET: auxiliary/session_name | shape=(101250,) | dtype=object
GROUP:   metadata
  ATTR metadata.backbone_name: vit_large_patch16_224
  ATTR metadata.canonical_camera_order: ["A", "B", "C", "D", "E"]
  ATTR metadata.crop_mode: centred
  ATTR metadata.dataset_type: sleap_multiview
  ATTR metadata.failed_samples: 0
  ATTR metadata.frame_skip: 1
  ATTR metadata.frames_3d_available: 16875
  ATTR metadata.has_3d_keypoints: True
  ATTR metadata.has_camera_parameters: True
  ATTR metadata.is_multiview: True
  ATTR metadata.jpeg_quality: 95
  ATTR metadata.keypoints_3d_joint_order: smal
  ATTR metadata.load_3d_data: True
  ATTR metadata.max_frame_idx_requested: 16874
  ATTR metadata.max_views: 5
  ATTR metadata.min_frame_idx_requested: 0
  ATTR metadata.min_views_per_sample: 2
  ATTR metadata.n_betas: 5
  ATTR metadata.n_joints: 55
  ATTR metadata.n_pose: 54
  ATTR metadata.num_samples: 101250
  ATTR metadata.processed_samples: 101250
  ATTR metadata.samples_3d_out_of_range: 0
  ATTR metadata.samples_with_3d_data: 101250
  ATTR metadata.samples_with_3d_in_range: 101250
  ATTR metadata.samples_with_outliers_filtered: 0
  ATTR metadata.sessions_failed: 0
  ATTR metadata.sessions_processed: 6
  ATTR metadata.sessions_with_3d_data: 6
  ATTR metadata.skipped_insufficient_views: 0
  ATTR metadata.target_resolution: 512
  ATTR metadata.total_cameras: 5
  ATTR metadata.total_multiview_samples: 101250
  ATTR metadata.total_outlier_keypoints_filtered: 0
  ATTR metadata.total_potential_views: 506250
  ATTR metadata.total_sessions: 6
  ATTR metadata.total_views_attempted: 506250
  ATTR metadata.total_views_included: 506250
  ATTR metadata.undistort_images: True
  ATTR metadata.used_reprojections: True
  ATTR metadata.views_excluded_no_camera_data: 0
  ATTR metadata.views_excluded_no_keypoints: 0
  ATTR metadata.views_excluded_no_video_capture: 0
  ATTR metadata.views_excluded_position_correction_failed: 0
  ATTR metadata.views_excluded_processing_error: 0
  ATTR metadata.views_excluded_video_read_failed: 0
  ATTR metadata.views_missing_annotations: 0
  ATTR metadata.views_reprojected: 506250
  ATTR metadata.views_undistorted: 506250
GROUP:   multiview_images
DATASET: multiview_images/image_jpeg_view_0 | shape=(101250,) | dtype=object
DATASET: multiview_images/image_jpeg_view_1 | shape=(101250,) | dtype=object
DATASET: multiview_images/image_jpeg_view_2 | shape=(101250,) | dtype=object
DATASET: multiview_images/image_jpeg_view_3 | shape=(101250,) | dtype=object
DATASET: multiview_images/image_jpeg_view_4 | shape=(101250,) | dtype=object
DATASET: multiview_images/view_mask | shape=(101250, 5) | dtype=bool
GROUP:   multiview_keypoints
DATASET: multiview_keypoints/camera_extrinsics_R | shape=(101250, 5, 3, 3) | dtype=float32
DATASET: multiview_keypoints/camera_extrinsics_t | shape=(101250, 5, 3) | dtype=float32
DATASET: multiview_keypoints/camera_indices | shape=(101250, 5) | dtype=int32
DATASET: multiview_keypoints/camera_intrinsics | shape=(101250, 5, 3, 3) | dtype=float32
DATASET: multiview_keypoints/image_sizes | shape=(101250, 5, 2) | dtype=int32
DATASET: multiview_keypoints/keypoint_visibility | shape=(101250, 5, 55) | dtype=float32
DATASET: multiview_keypoints/keypoints_2d | shape=(101250, 5, 55, 2) | dtype=float32
DATASET: multiview_keypoints/keypoints_3d | shape=(101250, 55, 3) | dtype=float32
GROUP:   parameters
DATASET: parameters/betas | shape=(101250, 5) | dtype=float32
DATASET: parameters/global_rot | shape=(101250, 3) | dtype=float32
DATASET: parameters/joint_rot | shape=(101250, 55, 3) | dtype=float32
DATASET: parameters/trans | shape=(101250, 3) | dtype=float32

Dataset size: 506250
Target resolution: 512x512
2D keypoint scaling: using override size 1530x1530

Dataset split (camera-centric, sample-grouped, seed=42):
  86062/5062/10126 samples -> Test: 50630 view-items

PCK reported at TWO resolutions: [native override 1530x1530] and [input res 224px]. PCK@Npx is resolution-dependent, so both are shown.
/hpcwork/mkd34160/conda_envs/pytorch3d/lib/python3.10/site-packages/torch/nn/modules/conv.py:456: UserWarning: Applied workaround for CuDNN issue, install nvrtc.so (Triggered internally at /opt/conda/conda-bld/pytorch_1716905971132/work/aten/src/ATen/native/cudnn/Conv_v8.cpp:84.)
  return F.conv2d(input, weight, bias, self.stride,

==== BENCHMARK RESULTS (TEST SPLIT) ====

-- PCK @ native override 1530x1530 --
PCK@5px: 0.1401
Mean 2D error (px): 13.6334
Median 2D error (px): 11.3841
2D joint errors count: 2121534
PCK curve:
  PCK@1px: 0.0064
  PCK@2px: 0.0249
  PCK@5px: 0.1401
  PCK@10px: 0.4242
  PCK@20px: 0.8199
  PCK@30px: 0.9433
  PCK@40px: 0.9790
  PCK@50px: 0.9908

-- PCK @ input res 224px --
PCK@5px: 0.9631
Mean 2D error (px): 1.9960
Median 2D error (px): 1.6667
2D joint errors count: 2121534
PCK curve:
  PCK@1px: 0.2395
  PCK@2px: 0.6117
  PCK@5px: 0.9631
  PCK@10px: 0.9962
  PCK@20px: 0.9993
  PCK@30px: 0.9999
  PCK@40px: 1.0000
  PCK@50px: 1.0000

MPJPE (mm): 238.3068
Median MPJPE (mm): 255.5018
MPJPE percentiles (mm):
  P50: 255.5018
  P75: 280.4331
  P90: 295.8435
  P95: 303.8777
  P99: 318.0445
3D samples with GT: 50630
3D joint errors count: 2122820

Scale-robust accuracy (a single view cannot observe absolute size;
without 3D supervision nothing fixes the model's global scale):
Fitted global scale: 2.134633   (predicted size / true size; 1.0 = no drift)
N-MPJPE (mm): 4.1091
Median N-MPJPE (mm): 3.1156
PA-MPJPE (mm): 2.6442
Median PA-MPJPE (mm): 2.1089
Per-frame scale: median 2.2290  IQR [1.9362, 2.4181]
  -> size varies per frame (IQR width 0.482), so it is not a single global offset; N-MPJPE only partly corrects it and PA-MPJPE is the bound.

Saved outputs to: /rwthfs/rz/cluster/home/mkd34160/2d/SMILify/benchmark_singleview_sv_constrained_lam1e-1_on_SMILySTICKS_centred_reprojected_FIXED
  PCK plots: pck_curve_native.png, pck_curve_input.png
  Error histograms: error_histogram_native.png, error_histogram_input.png
  MPJPE histogram: /rwthfs/rz/cluster/home/mkd34160/2d/SMILify/benchmark_singleview_sv_constrained_lam1e-1_on_SMILySTICKS_centred_reprojected_FIXED/mpjpe_histogram.png
  3D percentile plots: /rwthfs/rz/cluster/home/mkd34160/2d/SMILify/benchmark_singleview_sv_constrained_lam1e-1_on_SMILySTICKS_centred_reprojected_FIXED/sample_00_3d_keypoints_percentiles.png (and next 4)

Report saved to: /rwthfs/rz/cluster/home/mkd34160/2d/SMILify/benchmark_singleview_sv_constrained_lam1e-1_on_SMILySTICKS_centred_reprojected_FIXED/benchmark_report.txt
