Error in sys.excepthook:
Error in sys.excepthook:
Traceback (most recent call last):
Traceback (most recent call last):
  File "/hpcwork/mkd34160/conda_envs/pytorch3d/lib/python3.10/site-packages/torch/distributed/distributed_c10d.py", line 1339, in _distributed_excepthook
  File "/hpcwork/mkd34160/conda_envs/pytorch3d/lib/python3.10/site-packages/torch/distributed/distributed_c10d.py", line 1339, in _distributed_excepthook
Error in sys.excepthook:
Traceback (most recent call last):
  File "/hpcwork/mkd34160/conda_envs/pytorch3d/lib/python3.10/site-packages/torch/distributed/distributed_c10d.py", line 1339, in _distributed_excepthook
        prefix = f"[rank{get_rank()}]"prefix = f"[rank{get_rank()}]"

  File "/hpcwork/mkd34160/conda_envs/pytorch3d/lib/python3.10/site-packages/torch/distributed/distributed_c10d.py", line 1746, in get_rank
  File "/hpcwork/mkd34160/conda_envs/pytorch3d/lib/python3.10/site-packages/torch/distributed/distributed_c10d.py", line 1746, in get_rank
    prefix = f"[rank{get_rank()}]"
  File "/hpcwork/mkd34160/conda_envs/pytorch3d/lib/python3.10/site-packages/torch/distributed/distributed_c10d.py", line 1746, in get_rank
    default_pg = _get_default_group()
  File "/hpcwork/mkd34160/conda_envs/pytorch3d/lib/python3.10/site-packages/torch/distributed/distributed_c10d.py", line 1008, in _get_default_group
    default_pg = _get_default_group()
  File "/hpcwork/mkd34160/conda_envs/pytorch3d/lib/python3.10/site-packages/torch/distributed/distributed_c10d.py", line 1008, in _get_default_group
    raise ValueError(
ValueError: Default process group has not been initialized, please make sure to call init_process_group.

Original exception was:
Traceback (most recent call last):
  File "/rwthfs/rz/cluster/home/mkd34160/2d/SMILify/smal_fitter/neuralSMIL/smil_datasets.py", line 185, in _dispatch_hdf5
    default_pg = _get_default_group()
  File "/hpcwork/mkd34160/conda_envs/pytorch3d/lib/python3.10/site-packages/torch/distributed/distributed_c10d.py", line 1008, in _get_default_group
    with h5py.File(data_path, "r") as f:
  File "/hpcwork/mkd34160/conda_envs/pytorch3d/lib/python3.10/site-packages/h5py/_hl/files.py", line 564, in __init__
    raise ValueError(
ValueError: Default process group has not been initialized, please make sure to call init_process_group.

Original exception was:
Traceback (most recent call last):
  File "/rwthfs/rz/cluster/home/mkd34160/2d/SMILify/smal_fitter/neuralSMIL/smil_datasets.py", line 185, in _dispatch_hdf5
    with h5py.File(data_path, "r") as f:
  File "/hpcwork/mkd34160/conda_envs/pytorch3d/lib/python3.10/site-packages/h5py/_hl/files.py", line 564, in __init__
    raise ValueError(
ValueError: Default process group has not been initialized, please make sure to call init_process_group.

Original exception was:
Traceback (most recent call last):
  File "/rwthfs/rz/cluster/home/mkd34160/2d/SMILify/smal_fitter/neuralSMIL/smil_datasets.py", line 185, in _dispatch_hdf5
    with h5py.File(data_path, "r") as f:
  File "/hpcwork/mkd34160/conda_envs/pytorch3d/lib/python3.10/site-packages/h5py/_hl/files.py", line 564, in __init__
    fid = make_fid(name, mode, userblock_size, fapl, fcpl, swmr=swmr)
  File "/hpcwork/mkd34160/conda_envs/pytorch3d/lib/python3.10/site-packages/h5py/_hl/files.py", line 238, in make_fid
    fid = h5f.open(name, flags, fapl=fapl)
  File "h5py/_objects.pyx", line 54, in h5py._objects.with_phil.wrapper
    fid = make_fid(name, mode, userblock_size, fapl, fcpl, swmr=swmr)
  File "/hpcwork/mkd34160/conda_envs/pytorch3d/lib/python3.10/site-packages/h5py/_hl/files.py", line 238, in make_fid
    fid = make_fid(name, mode, userblock_size, fapl, fcpl, swmr=swmr)
  File "/hpcwork/mkd34160/conda_envs/pytorch3d/lib/python3.10/site-packages/h5py/_hl/files.py", line 238, in make_fid
    fid = h5f.open(name, flags, fapl=fapl)
  File "h5py/_objects.pyx", line 54, in h5py._objects.with_phil.wrapper
    fid = h5f.open(name, flags, fapl=fapl)
  File "h5py/_objects.pyx", line 54, in h5py._objects.with_phil.wrapper
  File "h5py/_objects.pyx", line 55, in h5py._objects.with_phil.wrapper
  File "h5py/_objects.pyx", line 55, in h5py._objects.with_phil.wrapper
  File "h5py/_objects.pyx", line 55, in h5py._objects.with_phil.wrapper
  File "h5py/h5f.pyx", line 102, in h5py.h5f.open
  File "h5py/h5f.pyx", line 102, in h5py.h5f.open
  File "h5py/h5f.pyx", line 102, in h5py.h5f.open
FileNotFoundErrorFileNotFoundErrorFileNotFoundError: : [Errno 2] Unable to synchronously open file (unable to open file: name = 'SMILySTICKS_centred_reprojected_FIXED.h5', errno = 2, error message = 'No such file or directory', flags = 0, o_flags = 0)[Errno 2] Unable to synchronously open file (unable to open file: name = 'SMILySTICKS_centred_reprojected_FIXED.h5', errno = 2, error message = 'No such file or directory', flags = 0, o_flags = 0): 

[Errno 2] Unable to synchronously open file (unable to open file: name = 'SMILySTICKS_centred_reprojected_FIXED.h5', errno = 2, error message = 'No such file or directory', flags = 0, o_flags = 0)
The above exception was the direct cause of the following exception:


The above exception was the direct cause of the following exception:


Traceback (most recent call last):

The above exception was the direct cause of the following exception:

Traceback (most recent call last):
  File "/hpcwork/mkd34160/conda_envs/pytorch3d/lib/python3.10/runpy.py", line 196, in _run_module_as_main
Traceback (most recent call last):
  File "/hpcwork/mkd34160/conda_envs/pytorch3d/lib/python3.10/runpy.py", line 196, in _run_module_as_main
  File "/hpcwork/mkd34160/conda_envs/pytorch3d/lib/python3.10/runpy.py", line 196, in _run_module_as_main
    return _run_code(code, main_globals, None,
  File "/hpcwork/mkd34160/conda_envs/pytorch3d/lib/python3.10/runpy.py", line 86, in _run_code
    return _run_code(code, main_globals, None,
  File "/hpcwork/mkd34160/conda_envs/pytorch3d/lib/python3.10/runpy.py", line 86, in _run_code
        exec(code, run_globals)return _run_code(code, main_globals, None,

  File "/rwthfs/rz/cluster/home/mkd34160/2d/SMILify/smal_fitter/neuralSMIL/train_smil_regressor.py", line 2521, in <module>
  File "/hpcwork/mkd34160/conda_envs/pytorch3d/lib/python3.10/runpy.py", line 86, in _run_code
    exec(code, run_globals)
  File "/rwthfs/rz/cluster/home/mkd34160/2d/SMILify/smal_fitter/neuralSMIL/train_smil_regressor.py", line 2521, in <module>
    exec(code, run_globals)
  File "/rwthfs/rz/cluster/home/mkd34160/2d/SMILify/smal_fitter/neuralSMIL/train_smil_regressor.py", line 2521, in <module>
    ddp_main(rank, world_size, args.dataset, args.checkpoint, config_override or None, master_port)
  File "/rwthfs/rz/cluster/home/mkd34160/2d/SMILify/smal_fitter/neuralSMIL/train_smil_regressor.py", line 214, in ddp_main
    ddp_main(rank, world_size, args.dataset, args.checkpoint, config_override or None, master_port)
  File "/rwthfs/rz/cluster/home/mkd34160/2d/SMILify/smal_fitter/neuralSMIL/train_smil_regressor.py", line 214, in ddp_main
    main(dataset_name, checkpoint_path, config_override)
  File "/rwthfs/rz/cluster/home/mkd34160/2d/SMILify/smal_fitter/neuralSMIL/train_smil_regressor.py", line 1656, in main
    main(dataset_name, checkpoint_path, config_override)
  File "/rwthfs/rz/cluster/home/mkd34160/2d/SMILify/smal_fitter/neuralSMIL/train_smil_regressor.py", line 1656, in main
    ddp_main(rank, world_size, args.dataset, args.checkpoint, config_override or None, master_port)
  File "/rwthfs/rz/cluster/home/mkd34160/2d/SMILify/smal_fitter/neuralSMIL/train_smil_regressor.py", line 214, in ddp_main
    main(dataset_name, checkpoint_path, config_override)
  File "/rwthfs/rz/cluster/home/mkd34160/2d/SMILify/smal_fitter/neuralSMIL/train_smil_regressor.py", line 1656, in main
    dataset = UnifiedSMILDataset.from_path(
  File "/rwthfs/rz/cluster/home/mkd34160/2d/SMILify/smal_fitter/neuralSMIL/smil_datasets.py", line 179, in from_path
    dataset = UnifiedSMILDataset.from_path(
  File "/rwthfs/rz/cluster/home/mkd34160/2d/SMILify/smal_fitter/neuralSMIL/smil_datasets.py", line 179, in from_path
    return UnifiedSMILDataset._dispatch_hdf5(data_path, **kwargs)
  File "/rwthfs/rz/cluster/home/mkd34160/2d/SMILify/smal_fitter/neuralSMIL/smil_datasets.py", line 195, in _dispatch_hdf5
    return UnifiedSMILDataset._dispatch_hdf5(data_path, **kwargs)
  File "/rwthfs/rz/cluster/home/mkd34160/2d/SMILify/smal_fitter/neuralSMIL/smil_datasets.py", line 195, in _dispatch_hdf5
    raise ValueError(f"Could not open HDF5 file {data_path}: {e}") from e    
raise ValueError(f"Could not open HDF5 file {data_path}: {e}") from eValueError
: Could not open HDF5 file SMILySTICKS_centred_reprojected_FIXED.h5: [Errno 2] Unable to synchronously open file (unable to open file: name = 'SMILySTICKS_centred_reprojected_FIXED.h5', errno = 2, error message = 'No such file or directory', flags = 0, o_flags = 0)ValueError
: Could not open HDF5 file SMILySTICKS_centred_reprojected_FIXED.h5: [Errno 2] Unable to synchronously open file (unable to open file: name = 'SMILySTICKS_centred_reprojected_FIXED.h5', errno = 2, error message = 'No such file or directory', flags = 0, o_flags = 0)
    dataset = UnifiedSMILDataset.from_path(
  File "/rwthfs/rz/cluster/home/mkd34160/2d/SMILify/smal_fitter/neuralSMIL/smil_datasets.py", line 179, in from_path
    return UnifiedSMILDataset._dispatch_hdf5(data_path, **kwargs)
  File "/rwthfs/rz/cluster/home/mkd34160/2d/SMILify/smal_fitter/neuralSMIL/smil_datasets.py", line 195, in _dispatch_hdf5
    raise ValueError(f"Could not open HDF5 file {data_path}: {e}") from e
ValueError: Could not open HDF5 file SMILySTICKS_centred_reprojected_FIXED.h5: [Errno 2] Unable to synchronously open file (unable to open file: name = 'SMILySTICKS_centred_reprojected_FIXED.h5', errno = 2, error message = 'No such file or directory', flags = 0, o_flags = 0)
Error in sys.excepthook:
Traceback (most recent call last):
  File "/hpcwork/mkd34160/conda_envs/pytorch3d/lib/python3.10/site-packages/torch/distributed/distributed_c10d.py", line 1339, in _distributed_excepthook
    prefix = f"[rank{get_rank()}]"
  File "/hpcwork/mkd34160/conda_envs/pytorch3d/lib/python3.10/site-packages/torch/distributed/distributed_c10d.py", line 1746, in get_rank
    default_pg = _get_default_group()
  File "/hpcwork/mkd34160/conda_envs/pytorch3d/lib/python3.10/site-packages/torch/distributed/distributed_c10d.py", line 1008, in _get_default_group
    raise ValueError(
ValueError: Default process group has not been initialized, please make sure to call init_process_group.

Original exception was:
Traceback (most recent call last):
  File "/rwthfs/rz/cluster/home/mkd34160/2d/SMILify/smal_fitter/neuralSMIL/smil_datasets.py", line 185, in _dispatch_hdf5
    with h5py.File(data_path, "r") as f:
  File "/hpcwork/mkd34160/conda_envs/pytorch3d/lib/python3.10/site-packages/h5py/_hl/files.py", line 564, in __init__
    fid = make_fid(name, mode, userblock_size, fapl, fcpl, swmr=swmr)
  File "/hpcwork/mkd34160/conda_envs/pytorch3d/lib/python3.10/site-packages/h5py/_hl/files.py", line 238, in make_fid
    fid = h5f.open(name, flags, fapl=fapl)
  File "h5py/_objects.pyx", line 54, in h5py._objects.with_phil.wrapper
  File "h5py/_objects.pyx", line 55, in h5py._objects.with_phil.wrapper
  File "h5py/h5f.pyx", line 102, in h5py.h5f.open
FileNotFoundError: [Errno 2] Unable to synchronously open file (unable to open file: name = 'SMILySTICKS_centred_reprojected_FIXED.h5', errno = 2, error message = 'No such file or directory', flags = 0, o_flags = 0)

The above exception was the direct cause of the following exception:

Traceback (most recent call last):
  File "/hpcwork/mkd34160/conda_envs/pytorch3d/lib/python3.10/runpy.py", line 196, in _run_module_as_main
    return _run_code(code, main_globals, None,
  File "/hpcwork/mkd34160/conda_envs/pytorch3d/lib/python3.10/runpy.py", line 86, in _run_code
    exec(code, run_globals)
  File "/rwthfs/rz/cluster/home/mkd34160/2d/SMILify/smal_fitter/neuralSMIL/train_smil_regressor.py", line 2521, in <module>
    ddp_main(rank, world_size, args.dataset, args.checkpoint, config_override or None, master_port)
  File "/rwthfs/rz/cluster/home/mkd34160/2d/SMILify/smal_fitter/neuralSMIL/train_smil_regressor.py", line 214, in ddp_main
    main(dataset_name, checkpoint_path, config_override)
  File "/rwthfs/rz/cluster/home/mkd34160/2d/SMILify/smal_fitter/neuralSMIL/train_smil_regressor.py", line 1656, in main
    dataset = UnifiedSMILDataset.from_path(
  File "/rwthfs/rz/cluster/home/mkd34160/2d/SMILify/smal_fitter/neuralSMIL/smil_datasets.py", line 179, in from_path
    return UnifiedSMILDataset._dispatch_hdf5(data_path, **kwargs)
  File "/rwthfs/rz/cluster/home/mkd34160/2d/SMILify/smal_fitter/neuralSMIL/smil_datasets.py", line 195, in _dispatch_hdf5
    raise ValueError(f"Could not open HDF5 file {data_path}: {e}") from e
ValueError: Could not open HDF5 file SMILySTICKS_centred_reprojected_FIXED.h5: [Errno 2] Unable to synchronously open file (unable to open file: name = 'SMILySTICKS_centred_reprojected_FIXED.h5', errno = 2, error message = 'No such file or directory', flags = 0, o_flags = 0)
Error in sys.excepthook:
Error in sys.excepthook:
Traceback (most recent call last):
  File "/hpcwork/mkd34160/conda_envs/pytorch3d/lib/python3.10/site-packages/torch/distributed/distributed_c10d.py", line 1339, in _distributed_excepthook
Traceback (most recent call last):
  File "/hpcwork/mkd34160/conda_envs/pytorch3d/lib/python3.10/site-packages/torch/distributed/distributed_c10d.py", line 1339, in _distributed_excepthook
Error in sys.excepthook:
Traceback (most recent call last):
  File "/hpcwork/mkd34160/conda_envs/pytorch3d/lib/python3.10/site-packages/torch/distributed/distributed_c10d.py", line 1339, in _distributed_excepthook
Error in sys.excepthook:
Traceback (most recent call last):
  File "/hpcwork/mkd34160/conda_envs/pytorch3d/lib/python3.10/site-packages/torch/distributed/distributed_c10d.py", line 1339, in _distributed_excepthook
            prefix = f"[rank{get_rank()}]"prefix = f"[rank{get_rank()}]"prefix = f"[rank{get_rank()}]"


  File "/hpcwork/mkd34160/conda_envs/pytorch3d/lib/python3.10/site-packages/torch/distributed/distributed_c10d.py", line 1746, in get_rank
  File "/hpcwork/mkd34160/conda_envs/pytorch3d/lib/python3.10/site-packages/torch/distributed/distributed_c10d.py", line 1746, in get_rank
  File "/hpcwork/mkd34160/conda_envs/pytorch3d/lib/python3.10/site-packages/torch/distributed/distributed_c10d.py", line 1746, in get_rank
    prefix = f"[rank{get_rank()}]"
  File "/hpcwork/mkd34160/conda_envs/pytorch3d/lib/python3.10/site-packages/torch/distributed/distributed_c10d.py", line 1746, in get_rank
    default_pg = _get_default_group()
      File "/hpcwork/mkd34160/conda_envs/pytorch3d/lib/python3.10/site-packages/torch/distributed/distributed_c10d.py", line 1008, in _get_default_group
default_pg = _get_default_group()
  File "/hpcwork/mkd34160/conda_envs/pytorch3d/lib/python3.10/site-packages/torch/distributed/distributed_c10d.py", line 1008, in _get_default_group
    default_pg = _get_default_group()
  File "/hpcwork/mkd34160/conda_envs/pytorch3d/lib/python3.10/site-packages/torch/distributed/distributed_c10d.py", line 1008, in _get_default_group
    raise ValueError(
    raise ValueError(ValueError
: Default process group has not been initialized, please make sure to call init_process_group.
ValueError
Original exception was:
: Default process group has not been initialized, please make sure to call init_process_group.
Traceback (most recent call last):
  File "/rwthfs/rz/cluster/home/mkd34160/2d/SMILify/smal_fitter/neuralSMIL/smil_datasets.py", line 185, in _dispatch_hdf5

Original exception was:
Traceback (most recent call last):
  File "/rwthfs/rz/cluster/home/mkd34160/2d/SMILify/smal_fitter/neuralSMIL/smil_datasets.py", line 185, in _dispatch_hdf5
    default_pg = _get_default_group()
  File "/hpcwork/mkd34160/conda_envs/pytorch3d/lib/python3.10/site-packages/torch/distributed/distributed_c10d.py", line 1008, in _get_default_group
    raise ValueError(
ValueError: Default process group has not been initialized, please make sure to call init_process_group.

Original exception was:
Traceback (most recent call last):
  File "/rwthfs/rz/cluster/home/mkd34160/2d/SMILify/smal_fitter/neuralSMIL/smil_datasets.py", line 185, in _dispatch_hdf5
    with h5py.File(data_path, "r") as f:
  File "/hpcwork/mkd34160/conda_envs/pytorch3d/lib/python3.10/site-packages/h5py/_hl/files.py", line 564, in __init__
    with h5py.File(data_path, "r") as f:
  File "/hpcwork/mkd34160/conda_envs/pytorch3d/lib/python3.10/site-packages/h5py/_hl/files.py", line 564, in __init__
    with h5py.File(data_path, "r") as f:
  File "/hpcwork/mkd34160/conda_envs/pytorch3d/lib/python3.10/site-packages/h5py/_hl/files.py", line 564, in __init__
    raise ValueError(
ValueError: Default process group has not been initialized, please make sure to call init_process_group.

Original exception was:
Traceback (most recent call last):
  File "/rwthfs/rz/cluster/home/mkd34160/2d/SMILify/smal_fitter/neuralSMIL/smil_datasets.py", line 185, in _dispatch_hdf5
    with h5py.File(data_path, "r") as f:
  File "/hpcwork/mkd34160/conda_envs/pytorch3d/lib/python3.10/site-packages/h5py/_hl/files.py", line 564, in __init__
            fid = make_fid(name, mode, userblock_size, fapl, fcpl, swmr=swmr)fid = make_fid(name, mode, userblock_size, fapl, fcpl, swmr=swmr)fid = make_fid(name, mode, userblock_size, fapl, fcpl, swmr=swmr)


  File "/hpcwork/mkd34160/conda_envs/pytorch3d/lib/python3.10/site-packages/h5py/_hl/files.py", line 238, in make_fid
  File "/hpcwork/mkd34160/conda_envs/pytorch3d/lib/python3.10/site-packages/h5py/_hl/files.py", line 238, in make_fid
  File "/hpcwork/mkd34160/conda_envs/pytorch3d/lib/python3.10/site-packages/h5py/_hl/files.py", line 238, in make_fid
    fid = h5f.open(name, flags, fapl=fapl)
  File "h5py/_objects.pyx", line 54, in h5py._objects.with_phil.wrapper
        fid = h5f.open(name, flags, fapl=fapl)fid = h5f.open(name, flags, fapl=fapl)

  File "h5py/_objects.pyx", line 54, in h5py._objects.with_phil.wrapper
  File "h5py/_objects.pyx", line 54, in h5py._objects.with_phil.wrapper
    fid = make_fid(name, mode, userblock_size, fapl, fcpl, swmr=swmr)
  File "/hpcwork/mkd34160/conda_envs/pytorch3d/lib/python3.10/site-packages/h5py/_hl/files.py", line 238, in make_fid
    fid = h5f.open(name, flags, fapl=fapl)
  File "h5py/_objects.pyx", line 54, in h5py._objects.with_phil.wrapper
  File "h5py/_objects.pyx", line 55, in h5py._objects.with_phil.wrapper
  File "h5py/_objects.pyx", line 55, in h5py._objects.with_phil.wrapper
  File "h5py/_objects.pyx", line 55, in h5py._objects.with_phil.wrapper
  File "h5py/_objects.pyx", line 55, in h5py._objects.with_phil.wrapper
  File "h5py/h5f.pyx", line 102, in h5py.h5f.open
  File "h5py/h5f.pyx", line 102, in h5py.h5f.open
  File "h5py/h5f.pyx", line 102, in h5py.h5f.open
  File "h5py/h5f.pyx", line 102, in h5py.h5f.open
FileNotFoundErrorFileNotFoundErrorFileNotFoundError: FileNotFoundError: [Errno 2] Unable to synchronously open file (unable to open file: name = 'SMILySTICKS_centred_reprojected_FIXED.h5', errno = 2, error message = 'No such file or directory', flags = 0, o_flags = 0): [Errno 2] Unable to synchronously open file (unable to open file: name = 'SMILySTICKS_centred_reprojected_FIXED.h5', errno = 2, error message = 'No such file or directory', flags = 0, o_flags = 0): 
[Errno 2] Unable to synchronously open file (unable to open file: name = 'SMILySTICKS_centred_reprojected_FIXED.h5', errno = 2, error message = 'No such file or directory', flags = 0, o_flags = 0)
[Errno 2] Unable to synchronously open file (unable to open file: name = 'SMILySTICKS_centred_reprojected_FIXED.h5', errno = 2, error message = 'No such file or directory', flags = 0, o_flags = 0)
The above exception was the direct cause of the following exception:


The above exception was the direct cause of the following exception:



Traceback (most recent call last):

The above exception was the direct cause of the following exception:

Traceback (most recent call last):

The above exception was the direct cause of the following exception:

  File "/hpcwork/mkd34160/conda_envs/pytorch3d/lib/python3.10/runpy.py", line 196, in _run_module_as_main
Traceback (most recent call last):
Traceback (most recent call last):
  File "/hpcwork/mkd34160/conda_envs/pytorch3d/lib/python3.10/runpy.py", line 196, in _run_module_as_main
  File "/hpcwork/mkd34160/conda_envs/pytorch3d/lib/python3.10/runpy.py", line 196, in _run_module_as_main
  File "/hpcwork/mkd34160/conda_envs/pytorch3d/lib/python3.10/runpy.py", line 196, in _run_module_as_main
    return _run_code(code, main_globals, None,
      File "/hpcwork/mkd34160/conda_envs/pytorch3d/lib/python3.10/runpy.py", line 86, in _run_code
return _run_code(code, main_globals, None,
      File "/hpcwork/mkd34160/conda_envs/pytorch3d/lib/python3.10/runpy.py", line 86, in _run_code
return _run_code(code, main_globals, None,
  File "/hpcwork/mkd34160/conda_envs/pytorch3d/lib/python3.10/runpy.py", line 86, in _run_code
    return _run_code(code, main_globals, None,
  File "/hpcwork/mkd34160/conda_envs/pytorch3d/lib/python3.10/runpy.py", line 86, in _run_code
    exec(code, run_globals)
  File "/rwthfs/rz/cluster/home/mkd34160/2d/SMILify/smal_fitter/neuralSMIL/train_smil_regressor.py", line 2521, in <module>
    exec(code, run_globals)
    exec(code, run_globals)  File "/rwthfs/rz/cluster/home/mkd34160/2d/SMILify/smal_fitter/neuralSMIL/train_smil_regressor.py", line 2521, in <module>

  File "/rwthfs/rz/cluster/home/mkd34160/2d/SMILify/smal_fitter/neuralSMIL/train_smil_regressor.py", line 2521, in <module>
    exec(code, run_globals)
  File "/rwthfs/rz/cluster/home/mkd34160/2d/SMILify/smal_fitter/neuralSMIL/train_smil_regressor.py", line 2521, in <module>
    ddp_main(rank, world_size, args.dataset, args.checkpoint, config_override or None, master_port)
      File "/rwthfs/rz/cluster/home/mkd34160/2d/SMILify/smal_fitter/neuralSMIL/train_smil_regressor.py", line 214, in ddp_main
ddp_main(rank, world_size, args.dataset, args.checkpoint, config_override or None, master_port)
  File "/rwthfs/rz/cluster/home/mkd34160/2d/SMILify/smal_fitter/neuralSMIL/train_smil_regressor.py", line 214, in ddp_main
    ddp_main(rank, world_size, args.dataset, args.checkpoint, config_override or None, master_port)
  File "/rwthfs/rz/cluster/home/mkd34160/2d/SMILify/smal_fitter/neuralSMIL/train_smil_regressor.py", line 214, in ddp_main
    ddp_main(rank, world_size, args.dataset, args.checkpoint, config_override or None, master_port)
      File "/rwthfs/rz/cluster/home/mkd34160/2d/SMILify/smal_fitter/neuralSMIL/train_smil_regressor.py", line 214, in ddp_main
    main(dataset_name, checkpoint_path, config_override)main(dataset_name, checkpoint_path, config_override)

  File "/rwthfs/rz/cluster/home/mkd34160/2d/SMILify/smal_fitter/neuralSMIL/train_smil_regressor.py", line 1656, in main
  File "/rwthfs/rz/cluster/home/mkd34160/2d/SMILify/smal_fitter/neuralSMIL/train_smil_regressor.py", line 1656, in main
    main(dataset_name, checkpoint_path, config_override)
  File "/rwthfs/rz/cluster/home/mkd34160/2d/SMILify/smal_fitter/neuralSMIL/train_smil_regressor.py", line 1656, in main
    main(dataset_name, checkpoint_path, config_override)
  File "/rwthfs/rz/cluster/home/mkd34160/2d/SMILify/smal_fitter/neuralSMIL/train_smil_regressor.py", line 1656, in main
    dataset = UnifiedSMILDataset.from_path(
  File "/rwthfs/rz/cluster/home/mkd34160/2d/SMILify/smal_fitter/neuralSMIL/smil_datasets.py", line 179, in from_path
    dataset = UnifiedSMILDataset.from_path(
      File "/rwthfs/rz/cluster/home/mkd34160/2d/SMILify/smal_fitter/neuralSMIL/smil_datasets.py", line 179, in from_path
dataset = UnifiedSMILDataset.from_path(
  File "/rwthfs/rz/cluster/home/mkd34160/2d/SMILify/smal_fitter/neuralSMIL/smil_datasets.py", line 179, in from_path
    dataset = UnifiedSMILDataset.from_path(
  File "/rwthfs/rz/cluster/home/mkd34160/2d/SMILify/smal_fitter/neuralSMIL/smil_datasets.py", line 179, in from_path
    return UnifiedSMILDataset._dispatch_hdf5(data_path, **kwargs)
      File "/rwthfs/rz/cluster/home/mkd34160/2d/SMILify/smal_fitter/neuralSMIL/smil_datasets.py", line 195, in _dispatch_hdf5
return UnifiedSMILDataset._dispatch_hdf5(data_path, **kwargs)
  File "/rwthfs/rz/cluster/home/mkd34160/2d/SMILify/smal_fitter/neuralSMIL/smil_datasets.py", line 195, in _dispatch_hdf5
    return UnifiedSMILDataset._dispatch_hdf5(data_path, **kwargs)
  File "/rwthfs/rz/cluster/home/mkd34160/2d/SMILify/smal_fitter/neuralSMIL/smil_datasets.py", line 195, in _dispatch_hdf5
    return UnifiedSMILDataset._dispatch_hdf5(data_path, **kwargs)
  File "/rwthfs/rz/cluster/home/mkd34160/2d/SMILify/smal_fitter/neuralSMIL/smil_datasets.py", line 195, in _dispatch_hdf5
    raise ValueError(f"Could not open HDF5 file {data_path}: {e}") from e    
raise ValueError(f"Could not open HDF5 file {data_path}: {e}") from eValueError
:     ValueErrorCould not open HDF5 file SMILySTICKS_centred_reprojected_FIXED.h5: [Errno 2] Unable to synchronously open file (unable to open file: name = 'SMILySTICKS_centred_reprojected_FIXED.h5', errno = 2, error message = 'No such file or directory', flags = 0, o_flags = 0)raise ValueError(f"Could not open HDF5 file {data_path}: {e}") from e: 

Could not open HDF5 file SMILySTICKS_centred_reprojected_FIXED.h5: [Errno 2] Unable to synchronously open file (unable to open file: name = 'SMILySTICKS_centred_reprojected_FIXED.h5', errno = 2, error message = 'No such file or directory', flags = 0, o_flags = 0)ValueError
: Could not open HDF5 file SMILySTICKS_centred_reprojected_FIXED.h5: [Errno 2] Unable to synchronously open file (unable to open file: name = 'SMILySTICKS_centred_reprojected_FIXED.h5', errno = 2, error message = 'No such file or directory', flags = 0, o_flags = 0)
    raise ValueError(f"Could not open HDF5 file {data_path}: {e}") from e
ValueError: Could not open HDF5 file SMILySTICKS_centred_reprojected_FIXED.h5: [Errno 2] Unable to synchronously open file (unable to open file: name = 'SMILySTICKS_centred_reprojected_FIXED.h5', errno = 2, error message = 'No such file or directory', flags = 0, o_flags = 0)
E0909 11:35:10.272000 23254294143744 torch/distributed/elastic/multiprocessing/api.py:826] failed (exitcode: 1) local_rank: 0 (pid: 424420) of binary: /hpcwork/mkd34160/conda_envs/pytorch3d/bin/python
Traceback (most recent call last):
  File "/hpcwork/mkd34160/conda_envs/pytorch3d/bin/torchrun", line 33, in <module>
    sys.exit(load_entry_point('torch==2.3.1', 'console_scripts', 'torchrun')())
  File "/hpcwork/mkd34160/conda_envs/pytorch3d/lib/python3.10/site-packages/torch/distributed/elastic/multiprocessing/errors/__init__.py", line 347, in wrapper
    return f(*args, **kwargs)
  File "/hpcwork/mkd34160/conda_envs/pytorch3d/lib/python3.10/site-packages/torch/distributed/run.py", line 879, in main
    run(args)
  File "/hpcwork/mkd34160/conda_envs/pytorch3d/lib/python3.10/site-packages/torch/distributed/run.py", line 870, in run
    elastic_launch(
  File "/hpcwork/mkd34160/conda_envs/pytorch3d/lib/python3.10/site-packages/torch/distributed/launcher/api.py", line 132, in __call__
    return launch_agent(self._config, self._entrypoint, list(args))
  File "/hpcwork/mkd34160/conda_envs/pytorch3d/lib/python3.10/site-packages/torch/distributed/launcher/api.py", line 263, in launch_agent
    raise ChildFailedError(
torch.distributed.elastic.multiprocessing.errors.ChildFailedError: 
============================================================
smal_fitter.neuralSMIL.train_smil_regressor FAILED
------------------------------------------------------------
Failures:
[1]:
  time      : 2026-09-09_11:35:10
  host      : n23g0015.hpc.itc.rwth-aachen.de
  rank      : 1 (local_rank: 1)
  exitcode  : 1 (pid: 424421)
  error_file: <N/A>
  traceback : To enable traceback see: https://pytorch.org/docs/stable/elastic/errors.html
[2]:
  time      : 2026-09-09_11:35:10
  host      : n23g0015.hpc.itc.rwth-aachen.de
  rank      : 2 (local_rank: 2)
  exitcode  : 1 (pid: 424422)
  error_file: <N/A>
  traceback : To enable traceback see: https://pytorch.org/docs/stable/elastic/errors.html
[3]:
  time      : 2026-09-09_11:35:10
  host      : n23g0015.hpc.itc.rwth-aachen.de
  rank      : 3 (local_rank: 3)
  exitcode  : 1 (pid: 424423)
  error_file: <N/A>
  traceback : To enable traceback see: https://pytorch.org/docs/stable/elastic/errors.html
------------------------------------------------------------
Root Cause (first observed failure):
[0]:
  time      : 2026-09-09_11:35:10
  host      : n23g0015.hpc.itc.rwth-aachen.de
  rank      : 0 (local_rank: 0)
  exitcode  : 1 (pid: 424420)
  error_file: <N/A>
  traceback : To enable traceback see: https://pytorch.org/docs/stable/elastic/errors.html
============================================================
srun: error: n23g0015: task 0: Exited with exit code 1
W0909 11:35:15.414000 22861165266496 torch/distributed/elastic/rendezvous/dynamic_rendezvous.py:1252] The node 'n23g0021.hpc.itc.rwth-aachen.de_105228_0' has failed to send a keep-alive heartbeat to the rendezvous 'jl2d_3876394_0' due to an error of type RendezvousConnectionError.
W0909 11:35:15.466000 22864906474240 torch/distributed/elastic/multiprocessing/api.py:851] Sending process 106248 closing signal SIGTERM
W0909 11:35:15.466000 22864906474240 torch/distributed/elastic/multiprocessing/api.py:851] Sending process 106249 closing signal SIGTERM
W0909 11:35:15.466000 22864906474240 torch/distributed/elastic/multiprocessing/api.py:851] Sending process 106250 closing signal SIGTERM
W0909 11:35:15.466000 22864906474240 torch/distributed/elastic/multiprocessing/api.py:851] Sending process 106251 closing signal SIGTERM
W0909 11:35:15.850000 22864906474240 torch/distributed/elastic/rendezvous/dynamic_rendezvous.py:1203] The node 'n23g0021.hpc.itc.rwth-aachen.de_105228_0' has failed to shutdown the rendezvous 'jl2d_3876394_0' due to an error of type RendezvousConnectionError.
W0909 11:35:15.875000 22864906474240 torch/distributed/elastic/rendezvous/dynamic_rendezvous.py:1203] The node 'n23g0021.hpc.itc.rwth-aachen.de_105228_0' has failed to shutdown the rendezvous 'jl2d_3876394_0' due to an error of type RendezvousConnectionError.
Traceback (most recent call last):
  File "/hpcwork/mkd34160/conda_envs/pytorch3d/lib/python3.10/site-packages/torch/distributed/elastic/rendezvous/c10d_rendezvous_backend.py", line 113, in _call_store
    return getattr(self._store, store_op)(*args, **kwargs)
torch.distributed.DistNetworkError: Broken pipe

The above exception was the direct cause of the following exception:

Traceback (most recent call last):
  File "/hpcwork/mkd34160/conda_envs/pytorch3d/bin/torchrun", line 33, in <module>
    sys.exit(load_entry_point('torch==2.3.1', 'console_scripts', 'torchrun')())
  File "/hpcwork/mkd34160/conda_envs/pytorch3d/lib/python3.10/site-packages/torch/distributed/elastic/multiprocessing/errors/__init__.py", line 347, in wrapper
    return f(*args, **kwargs)
  File "/hpcwork/mkd34160/conda_envs/pytorch3d/lib/python3.10/site-packages/torch/distributed/run.py", line 879, in main
    run(args)
  File "/hpcwork/mkd34160/conda_envs/pytorch3d/lib/python3.10/site-packages/torch/distributed/run.py", line 870, in run
    elastic_launch(
  File "/hpcwork/mkd34160/conda_envs/pytorch3d/lib/python3.10/site-packages/torch/distributed/launcher/api.py", line 132, in __call__
    return launch_agent(self._config, self._entrypoint, list(args))
  File "/hpcwork/mkd34160/conda_envs/pytorch3d/lib/python3.10/site-packages/torch/distributed/launcher/api.py", line 254, in launch_agent
    result = agent.run()
  File "/hpcwork/mkd34160/conda_envs/pytorch3d/lib/python3.10/site-packages/torch/distributed/elastic/metrics/api.py", line 123, in wrapper
    result = f(*args, **kwargs)
  File "/hpcwork/mkd34160/conda_envs/pytorch3d/lib/python3.10/site-packages/torch/distributed/elastic/agent/server/api.py", line 733, in run
    result = self._invoke_run(role)
  File "/hpcwork/mkd34160/conda_envs/pytorch3d/lib/python3.10/site-packages/torch/distributed/elastic/agent/server/api.py", line 908, in _invoke_run
    num_nodes_waiting = rdzv_handler.num_nodes_waiting()
  File "/hpcwork/mkd34160/conda_envs/pytorch3d/lib/python3.10/site-packages/torch/distributed/elastic/rendezvous/dynamic_rendezvous.py", line 1174, in num_nodes_waiting
    self._state_holder.sync()
  File "/hpcwork/mkd34160/conda_envs/pytorch3d/lib/python3.10/site-packages/torch/distributed/elastic/rendezvous/dynamic_rendezvous.py", line 419, in sync
    get_response = self._backend.get_state()
  File "/hpcwork/mkd34160/conda_envs/pytorch3d/lib/python3.10/site-packages/torch/distributed/elastic/rendezvous/c10d_rendezvous_backend.py", line 73, in get_state
    base64_state: bytes = self._call_store("get", self._key)
  File "/hpcwork/mkd34160/conda_envs/pytorch3d/lib/python3.10/site-packages/torch/distributed/elastic/rendezvous/c10d_rendezvous_backend.py", line 115, in _call_store
    raise RendezvousConnectionError(
torch.distributed.elastic.rendezvous.api.RendezvousConnectionError: The connection to the C10d store has failed. See inner exception for details.
srun: First task exited 5s ago
srun: StepId=3895795.0 task 1: running
srun: StepId=3895795.0 task 0: exited abnormally
srun: Terminating StepId=3895795.0
srun: Job step aborted: Waiting up to 92 seconds for job step to finish.
srun: error: n23g0021: task 1: Killed
