Error in sys.excepthook:
Error in sys.excepthook:
Traceback (most recent call last):
  File "/hpcwork/mkd34160/conda_envs/pytorch3d/lib/python3.10/site-packages/torch/distributed/distributed_c10d.py", line 1339, in _distributed_excepthook
Traceback (most recent call last):
  File "/hpcwork/mkd34160/conda_envs/pytorch3d/lib/python3.10/site-packages/torch/distributed/distributed_c10d.py", line 1339, in _distributed_excepthook
Error in sys.excepthook:
Traceback (most recent call last):
  File "/hpcwork/mkd34160/conda_envs/pytorch3d/lib/python3.10/site-packages/torch/distributed/distributed_c10d.py", line 1339, in _distributed_excepthook
Error in sys.excepthook:
Traceback (most recent call last):
  File "/hpcwork/mkd34160/conda_envs/pytorch3d/lib/python3.10/site-packages/torch/distributed/distributed_c10d.py", line 1339, in _distributed_excepthook
            prefix = f"[rank{get_rank()}]"prefix = f"[rank{get_rank()}]"prefix = f"[rank{get_rank()}]"


  File "/hpcwork/mkd34160/conda_envs/pytorch3d/lib/python3.10/site-packages/torch/distributed/distributed_c10d.py", line 1746, in get_rank
  File "/hpcwork/mkd34160/conda_envs/pytorch3d/lib/python3.10/site-packages/torch/distributed/distributed_c10d.py", line 1746, in get_rank
  File "/hpcwork/mkd34160/conda_envs/pytorch3d/lib/python3.10/site-packages/torch/distributed/distributed_c10d.py", line 1746, in get_rank
    prefix = f"[rank{get_rank()}]"
  File "/hpcwork/mkd34160/conda_envs/pytorch3d/lib/python3.10/site-packages/torch/distributed/distributed_c10d.py", line 1746, in get_rank
    default_pg = _get_default_group()
  File "/hpcwork/mkd34160/conda_envs/pytorch3d/lib/python3.10/site-packages/torch/distributed/distributed_c10d.py", line 1008, in _get_default_group
    default_pg = _get_default_group()
  File "/hpcwork/mkd34160/conda_envs/pytorch3d/lib/python3.10/site-packages/torch/distributed/distributed_c10d.py", line 1008, in _get_default_group
    default_pg = _get_default_group()
  File "/hpcwork/mkd34160/conda_envs/pytorch3d/lib/python3.10/site-packages/torch/distributed/distributed_c10d.py", line 1008, in _get_default_group
    raise ValueError(
ValueError: Default process group has not been initialized, please make sure to call init_process_group.

Original exception was:
    raise ValueError(Traceback (most recent call last):

  File "/rwthfs/rz/cluster/home/mkd34160/2d/SMILify/smal_fitter/neuralSMIL/smil_datasets.py", line 185, in _dispatch_hdf5
ValueError: Default process group has not been initialized, please make sure to call init_process_group.

Original exception was:
Traceback (most recent call last):
  File "/rwthfs/rz/cluster/home/mkd34160/2d/SMILify/smal_fitter/neuralSMIL/smil_datasets.py", line 185, in _dispatch_hdf5
    default_pg = _get_default_group()
  File "/hpcwork/mkd34160/conda_envs/pytorch3d/lib/python3.10/site-packages/torch/distributed/distributed_c10d.py", line 1008, in _get_default_group
    raise ValueError(
ValueError: Default process group has not been initialized, please make sure to call init_process_group.

Original exception was:
Traceback (most recent call last):
  File "/rwthfs/rz/cluster/home/mkd34160/2d/SMILify/smal_fitter/neuralSMIL/smil_datasets.py", line 185, in _dispatch_hdf5
    with h5py.File(data_path, "r") as f:
  File "/hpcwork/mkd34160/conda_envs/pytorch3d/lib/python3.10/site-packages/h5py/_hl/files.py", line 564, in __init__
    with h5py.File(data_path, "r") as f:
  File "/hpcwork/mkd34160/conda_envs/pytorch3d/lib/python3.10/site-packages/h5py/_hl/files.py", line 564, in __init__
    with h5py.File(data_path, "r") as f:
  File "/hpcwork/mkd34160/conda_envs/pytorch3d/lib/python3.10/site-packages/h5py/_hl/files.py", line 564, in __init__
    raise ValueError(
ValueError: Default process group has not been initialized, please make sure to call init_process_group.

Original exception was:
Traceback (most recent call last):
  File "/rwthfs/rz/cluster/home/mkd34160/2d/SMILify/smal_fitter/neuralSMIL/smil_datasets.py", line 185, in _dispatch_hdf5
    with h5py.File(data_path, "r") as f:
  File "/hpcwork/mkd34160/conda_envs/pytorch3d/lib/python3.10/site-packages/h5py/_hl/files.py", line 564, in __init__
    fid = make_fid(name, mode, userblock_size, fapl, fcpl, swmr=swmr)
  File "/hpcwork/mkd34160/conda_envs/pytorch3d/lib/python3.10/site-packages/h5py/_hl/files.py", line 238, in make_fid
    fid = make_fid(name, mode, userblock_size, fapl, fcpl, swmr=swmr)
  File "/hpcwork/mkd34160/conda_envs/pytorch3d/lib/python3.10/site-packages/h5py/_hl/files.py", line 238, in make_fid
    fid = h5f.open(name, flags, fapl=fapl)
    fid = h5f.open(name, flags, fapl=fapl)  File "h5py/_objects.pyx", line 54, in h5py._objects.with_phil.wrapper

  File "h5py/_objects.pyx", line 54, in h5py._objects.with_phil.wrapper
    fid = make_fid(name, mode, userblock_size, fapl, fcpl, swmr=swmr)
  File "/hpcwork/mkd34160/conda_envs/pytorch3d/lib/python3.10/site-packages/h5py/_hl/files.py", line 238, in make_fid
    fid = make_fid(name, mode, userblock_size, fapl, fcpl, swmr=swmr)
  File "/hpcwork/mkd34160/conda_envs/pytorch3d/lib/python3.10/site-packages/h5py/_hl/files.py", line 238, in make_fid
  File "h5py/_objects.pyx", line 55, in h5py._objects.with_phil.wrapper
  File "h5py/_objects.pyx", line 55, in h5py._objects.with_phil.wrapper
  File "h5py/h5f.pyx", line 102, in h5py.h5f.open
  File "h5py/h5f.pyx", line 102, in h5py.h5f.open
    fid = h5f.open(name, flags, fapl=fapl)
  File "h5py/_objects.pyx", line 54, in h5py._objects.with_phil.wrapper
  File "h5py/_objects.pyx", line 55, in h5py._objects.with_phil.wrapper
FileNotFoundError: [Errno 2] Unable to synchronously open file (unable to open file: name = 'SMILySTICKS_centred_reprojected_FIXED.h5', errno = 2, error message = 'No such file or directory', flags = 0, o_flags = 0)FileNotFoundError

The above exception was the direct cause of the following exception:

: Traceback (most recent call last):
[Errno 2] Unable to synchronously open file (unable to open file: name = 'SMILySTICKS_centred_reprojected_FIXED.h5', errno = 2, error message = 'No such file or directory', flags = 0, o_flags = 0)
  File "/hpcwork/mkd34160/conda_envs/pytorch3d/lib/python3.10/runpy.py", line 196, in _run_module_as_main

The above exception was the direct cause of the following exception:

Traceback (most recent call last):
  File "/hpcwork/mkd34160/conda_envs/pytorch3d/lib/python3.10/runpy.py", line 196, in _run_module_as_main
  File "h5py/h5f.pyx", line 102, in h5py.h5f.open
    fid = h5f.open(name, flags, fapl=fapl)
  File "h5py/_objects.pyx", line 54, in h5py._objects.with_phil.wrapper
FileNotFoundError: [Errno 2] Unable to synchronously open file (unable to open file: name = 'SMILySTICKS_centred_reprojected_FIXED.h5', errno = 2, error message = 'No such file or directory', flags = 0, o_flags = 0)

The above exception was the direct cause of the following exception:

Traceback (most recent call last):
  File "/hpcwork/mkd34160/conda_envs/pytorch3d/lib/python3.10/runpy.py", line 196, in _run_module_as_main
  File "h5py/_objects.pyx", line 55, in h5py._objects.with_phil.wrapper
  File "h5py/h5f.pyx", line 102, in h5py.h5f.open
FileNotFoundError: [Errno 2] Unable to synchronously open file (unable to open file: name = 'SMILySTICKS_centred_reprojected_FIXED.h5', errno = 2, error message = 'No such file or directory', flags = 0, o_flags = 0)

The above exception was the direct cause of the following exception:

Traceback (most recent call last):
  File "/hpcwork/mkd34160/conda_envs/pytorch3d/lib/python3.10/runpy.py", line 196, in _run_module_as_main
        return _run_code(code, main_globals, None,return _run_code(code, main_globals, None,

  File "/hpcwork/mkd34160/conda_envs/pytorch3d/lib/python3.10/runpy.py", line 86, in _run_code
  File "/hpcwork/mkd34160/conda_envs/pytorch3d/lib/python3.10/runpy.py", line 86, in _run_code
    return _run_code(code, main_globals, None,
  File "/hpcwork/mkd34160/conda_envs/pytorch3d/lib/python3.10/runpy.py", line 86, in _run_code
    return _run_code(code, main_globals, None,
  File "/hpcwork/mkd34160/conda_envs/pytorch3d/lib/python3.10/runpy.py", line 86, in _run_code
    exec(code, run_globals)
      File "/rwthfs/rz/cluster/home/mkd34160/2d/SMILify/smal_fitter/neuralSMIL/train_smil_regressor.py", line 2521, in <module>
    exec(code, run_globals)exec(code, run_globals)

  File "/rwthfs/rz/cluster/home/mkd34160/2d/SMILify/smal_fitter/neuralSMIL/train_smil_regressor.py", line 2521, in <module>
  File "/rwthfs/rz/cluster/home/mkd34160/2d/SMILify/smal_fitter/neuralSMIL/train_smil_regressor.py", line 2521, in <module>
    exec(code, run_globals)
  File "/rwthfs/rz/cluster/home/mkd34160/2d/SMILify/smal_fitter/neuralSMIL/train_smil_regressor.py", line 2521, in <module>
    ddp_main(rank, world_size, args.dataset, args.checkpoint, config_override or None, master_port)
  File "/rwthfs/rz/cluster/home/mkd34160/2d/SMILify/smal_fitter/neuralSMIL/train_smil_regressor.py", line 214, in ddp_main
    ddp_main(rank, world_size, args.dataset, args.checkpoint, config_override or None, master_port)
  File "/rwthfs/rz/cluster/home/mkd34160/2d/SMILify/smal_fitter/neuralSMIL/train_smil_regressor.py", line 214, in ddp_main
    ddp_main(rank, world_size, args.dataset, args.checkpoint, config_override or None, master_port)
  File "/rwthfs/rz/cluster/home/mkd34160/2d/SMILify/smal_fitter/neuralSMIL/train_smil_regressor.py", line 214, in ddp_main
    main(dataset_name, checkpoint_path, config_override)
  File "/rwthfs/rz/cluster/home/mkd34160/2d/SMILify/smal_fitter/neuralSMIL/train_smil_regressor.py", line 1656, in main
    main(dataset_name, checkpoint_path, config_override)
    ddp_main(rank, world_size, args.dataset, args.checkpoint, config_override or None, master_port)  File "/rwthfs/rz/cluster/home/mkd34160/2d/SMILify/smal_fitter/neuralSMIL/train_smil_regressor.py", line 1656, in main

  File "/rwthfs/rz/cluster/home/mkd34160/2d/SMILify/smal_fitter/neuralSMIL/train_smil_regressor.py", line 214, in ddp_main
    main(dataset_name, checkpoint_path, config_override)
  File "/rwthfs/rz/cluster/home/mkd34160/2d/SMILify/smal_fitter/neuralSMIL/train_smil_regressor.py", line 1656, in main
    main(dataset_name, checkpoint_path, config_override)
  File "/rwthfs/rz/cluster/home/mkd34160/2d/SMILify/smal_fitter/neuralSMIL/train_smil_regressor.py", line 1656, in main
    dataset = UnifiedSMILDataset.from_path(
  File "/rwthfs/rz/cluster/home/mkd34160/2d/SMILify/smal_fitter/neuralSMIL/smil_datasets.py", line 179, in from_path
    dataset = UnifiedSMILDataset.from_path(
  File "/rwthfs/rz/cluster/home/mkd34160/2d/SMILify/smal_fitter/neuralSMIL/smil_datasets.py", line 179, in from_path
    dataset = UnifiedSMILDataset.from_path(
  File "/rwthfs/rz/cluster/home/mkd34160/2d/SMILify/smal_fitter/neuralSMIL/smil_datasets.py", line 179, in from_path
    return UnifiedSMILDataset._dispatch_hdf5(data_path, **kwargs)
  File "/rwthfs/rz/cluster/home/mkd34160/2d/SMILify/smal_fitter/neuralSMIL/smil_datasets.py", line 195, in _dispatch_hdf5
    dataset = UnifiedSMILDataset.from_path(
  File "/rwthfs/rz/cluster/home/mkd34160/2d/SMILify/smal_fitter/neuralSMIL/smil_datasets.py", line 179, in from_path
    return UnifiedSMILDataset._dispatch_hdf5(data_path, **kwargs)
  File "/rwthfs/rz/cluster/home/mkd34160/2d/SMILify/smal_fitter/neuralSMIL/smil_datasets.py", line 195, in _dispatch_hdf5
    return UnifiedSMILDataset._dispatch_hdf5(data_path, **kwargs)
  File "/rwthfs/rz/cluster/home/mkd34160/2d/SMILify/smal_fitter/neuralSMIL/smil_datasets.py", line 195, in _dispatch_hdf5
    raise ValueError(f"Could not open HDF5 file {data_path}: {e}") from e
ValueError: Could not open HDF5 file SMILySTICKS_centred_reprojected_FIXED.h5: [Errno 2] Unable to synchronously open file (unable to open file: name = 'SMILySTICKS_centred_reprojected_FIXED.h5', errno = 2, error message = 'No such file or directory', flags = 0, o_flags = 0)
        raise ValueError(f"Could not open HDF5 file {data_path}: {e}") from ereturn UnifiedSMILDataset._dispatch_hdf5(data_path, **kwargs)

ValueError  File "/rwthfs/rz/cluster/home/mkd34160/2d/SMILify/smal_fitter/neuralSMIL/smil_datasets.py", line 195, in _dispatch_hdf5
: Could not open HDF5 file SMILySTICKS_centred_reprojected_FIXED.h5: [Errno 2] Unable to synchronously open file (unable to open file: name = 'SMILySTICKS_centred_reprojected_FIXED.h5', errno = 2, error message = 'No such file or directory', flags = 0, o_flags = 0)
    raise ValueError(f"Could not open HDF5 file {data_path}: {e}") from e
ValueError: Could not open HDF5 file SMILySTICKS_centred_reprojected_FIXED.h5: [Errno 2] Unable to synchronously open file (unable to open file: name = 'SMILySTICKS_centred_reprojected_FIXED.h5', errno = 2, error message = 'No such file or directory', flags = 0, o_flags = 0)
    raise ValueError(f"Could not open HDF5 file {data_path}: {e}") from e
ValueError: Could not open HDF5 file SMILySTICKS_centred_reprojected_FIXED.h5: [Errno 2] Unable to synchronously open file (unable to open file: name = 'SMILySTICKS_centred_reprojected_FIXED.h5', errno = 2, error message = 'No such file or directory', flags = 0, o_flags = 0)
Error in sys.excepthook:
Traceback (most recent call last):
  File "/hpcwork/mkd34160/conda_envs/pytorch3d/lib/python3.10/site-packages/torch/distributed/distributed_c10d.py", line 1339, in _distributed_excepthook
Error in sys.excepthook:
Traceback (most recent call last):
  File "/hpcwork/mkd34160/conda_envs/pytorch3d/lib/python3.10/site-packages/torch/distributed/distributed_c10d.py", line 1339, in _distributed_excepthook
Error in sys.excepthook:
Traceback (most recent call last):
  File "/hpcwork/mkd34160/conda_envs/pytorch3d/lib/python3.10/site-packages/torch/distributed/distributed_c10d.py", line 1339, in _distributed_excepthook
        prefix = f"[rank{get_rank()}]"prefix = f"[rank{get_rank()}]"

  File "/hpcwork/mkd34160/conda_envs/pytorch3d/lib/python3.10/site-packages/torch/distributed/distributed_c10d.py", line 1746, in get_rank
  File "/hpcwork/mkd34160/conda_envs/pytorch3d/lib/python3.10/site-packages/torch/distributed/distributed_c10d.py", line 1746, in get_rank
    prefix = f"[rank{get_rank()}]"
  File "/hpcwork/mkd34160/conda_envs/pytorch3d/lib/python3.10/site-packages/torch/distributed/distributed_c10d.py", line 1746, in get_rank
    default_pg = _get_default_group()
  File "/hpcwork/mkd34160/conda_envs/pytorch3d/lib/python3.10/site-packages/torch/distributed/distributed_c10d.py", line 1008, in _get_default_group
    default_pg = _get_default_group()
  File "/hpcwork/mkd34160/conda_envs/pytorch3d/lib/python3.10/site-packages/torch/distributed/distributed_c10d.py", line 1008, in _get_default_group
    raise ValueError(
ValueError: Default process group has not been initialized, please make sure to call init_process_group.

Original exception was:
Traceback (most recent call last):
  File "/rwthfs/rz/cluster/home/mkd34160/2d/SMILify/smal_fitter/neuralSMIL/smil_datasets.py", line 185, in _dispatch_hdf5
    default_pg = _get_default_group()
  File "/hpcwork/mkd34160/conda_envs/pytorch3d/lib/python3.10/site-packages/torch/distributed/distributed_c10d.py", line 1008, in _get_default_group
    with h5py.File(data_path, "r") as f:
  File "/hpcwork/mkd34160/conda_envs/pytorch3d/lib/python3.10/site-packages/h5py/_hl/files.py", line 564, in __init__
    raise ValueError(
ValueError: Default process group has not been initialized, please make sure to call init_process_group.

Original exception was:
Traceback (most recent call last):
  File "/rwthfs/rz/cluster/home/mkd34160/2d/SMILify/smal_fitter/neuralSMIL/smil_datasets.py", line 185, in _dispatch_hdf5
    with h5py.File(data_path, "r") as f:
  File "/hpcwork/mkd34160/conda_envs/pytorch3d/lib/python3.10/site-packages/h5py/_hl/files.py", line 564, in __init__
    fid = make_fid(name, mode, userblock_size, fapl, fcpl, swmr=swmr)
  File "/hpcwork/mkd34160/conda_envs/pytorch3d/lib/python3.10/site-packages/h5py/_hl/files.py", line 238, in make_fid
    fid = make_fid(name, mode, userblock_size, fapl, fcpl, swmr=swmr)
  File "/hpcwork/mkd34160/conda_envs/pytorch3d/lib/python3.10/site-packages/h5py/_hl/files.py", line 238, in make_fid
    raise ValueError(
ValueError: Default process group has not been initialized, please make sure to call init_process_group.

Original exception was:
Traceback (most recent call last):
  File "/rwthfs/rz/cluster/home/mkd34160/2d/SMILify/smal_fitter/neuralSMIL/smil_datasets.py", line 185, in _dispatch_hdf5
    fid = h5f.open(name, flags, fapl=fapl)
  File "h5py/_objects.pyx", line 54, in h5py._objects.with_phil.wrapper
        fid = h5f.open(name, flags, fapl=fapl)with h5py.File(data_path, "r") as f:

  File "h5py/_objects.pyx", line 54, in h5py._objects.with_phil.wrapper
  File "/hpcwork/mkd34160/conda_envs/pytorch3d/lib/python3.10/site-packages/h5py/_hl/files.py", line 564, in __init__
  File "h5py/_objects.pyx", line 55, in h5py._objects.with_phil.wrapper
  File "h5py/_objects.pyx", line 55, in h5py._objects.with_phil.wrapper
  File "h5py/h5f.pyx", line 102, in h5py.h5f.open
  File "h5py/h5f.pyx", line 102, in h5py.h5f.open
FileNotFoundError: [Errno 2] Unable to synchronously open file (unable to open file: name = 'SMILySTICKS_centred_reprojected_FIXED.h5', errno = 2, error message = 'No such file or directory', flags = 0, o_flags = 0)FileNotFoundError

The above exception was the direct cause of the following exception:

: Traceback (most recent call last):
[Errno 2] Unable to synchronously open file (unable to open file: name = 'SMILySTICKS_centred_reprojected_FIXED.h5', errno = 2, error message = 'No such file or directory', flags = 0, o_flags = 0)
  File "/hpcwork/mkd34160/conda_envs/pytorch3d/lib/python3.10/runpy.py", line 196, in _run_module_as_main

The above exception was the direct cause of the following exception:

Traceback (most recent call last):
  File "/hpcwork/mkd34160/conda_envs/pytorch3d/lib/python3.10/runpy.py", line 196, in _run_module_as_main
    fid = make_fid(name, mode, userblock_size, fapl, fcpl, swmr=swmr)
  File "/hpcwork/mkd34160/conda_envs/pytorch3d/lib/python3.10/site-packages/h5py/_hl/files.py", line 238, in make_fid
    return _run_code(code, main_globals, None,
  File "/hpcwork/mkd34160/conda_envs/pytorch3d/lib/python3.10/runpy.py", line 86, in _run_code
    return _run_code(code, main_globals, None,
  File "/hpcwork/mkd34160/conda_envs/pytorch3d/lib/python3.10/runpy.py", line 86, in _run_code
    fid = h5f.open(name, flags, fapl=fapl)
  File "h5py/_objects.pyx", line 54, in h5py._objects.with_phil.wrapper
  File "h5py/_objects.pyx", line 55, in h5py._objects.with_phil.wrapper
    exec(code, run_globals)
  File "/rwthfs/rz/cluster/home/mkd34160/2d/SMILify/smal_fitter/neuralSMIL/train_smil_regressor.py", line 2521, in <module>
  File "h5py/h5f.pyx", line 102, in h5py.h5f.open
FileNotFoundError: [Errno 2] Unable to synchronously open file (unable to open file: name = 'SMILySTICKS_centred_reprojected_FIXED.h5', errno = 2, error message = 'No such file or directory', flags = 0, o_flags = 0)

The above exception was the direct cause of the following exception:

Traceback (most recent call last):
  File "/hpcwork/mkd34160/conda_envs/pytorch3d/lib/python3.10/runpy.py", line 196, in _run_module_as_main
    Error in sys.excepthook:
exec(code, run_globals)
  File "/rwthfs/rz/cluster/home/mkd34160/2d/SMILify/smal_fitter/neuralSMIL/train_smil_regressor.py", line 2521, in <module>
Traceback (most recent call last):
  File "/hpcwork/mkd34160/conda_envs/pytorch3d/lib/python3.10/site-packages/torch/distributed/distributed_c10d.py", line 1339, in _distributed_excepthook
    return _run_code(code, main_globals, None,
  File "/hpcwork/mkd34160/conda_envs/pytorch3d/lib/python3.10/runpy.py", line 86, in _run_code
    ddp_main(rank, world_size, args.dataset, args.checkpoint, config_override or None, master_port)
  File "/rwthfs/rz/cluster/home/mkd34160/2d/SMILify/smal_fitter/neuralSMIL/train_smil_regressor.py", line 214, in ddp_main
    main(dataset_name, checkpoint_path, config_override)
  File "/rwthfs/rz/cluster/home/mkd34160/2d/SMILify/smal_fitter/neuralSMIL/train_smil_regressor.py", line 1656, in main
    exec(code, run_globals)
  File "/rwthfs/rz/cluster/home/mkd34160/2d/SMILify/smal_fitter/neuralSMIL/train_smil_regressor.py", line 2521, in <module>
    ddp_main(rank, world_size, args.dataset, args.checkpoint, config_override or None, master_port)
  File "/rwthfs/rz/cluster/home/mkd34160/2d/SMILify/smal_fitter/neuralSMIL/train_smil_regressor.py", line 214, in ddp_main
    prefix = f"[rank{get_rank()}]"
  File "/hpcwork/mkd34160/conda_envs/pytorch3d/lib/python3.10/site-packages/torch/distributed/distributed_c10d.py", line 1746, in get_rank
    main(dataset_name, checkpoint_path, config_override)
  File "/rwthfs/rz/cluster/home/mkd34160/2d/SMILify/smal_fitter/neuralSMIL/train_smil_regressor.py", line 1656, in main
    dataset = UnifiedSMILDataset.from_path(
  File "/rwthfs/rz/cluster/home/mkd34160/2d/SMILify/smal_fitter/neuralSMIL/smil_datasets.py", line 179, in from_path
    return UnifiedSMILDataset._dispatch_hdf5(data_path, **kwargs)
  File "/rwthfs/rz/cluster/home/mkd34160/2d/SMILify/smal_fitter/neuralSMIL/smil_datasets.py", line 195, in _dispatch_hdf5
    raise ValueError(f"Could not open HDF5 file {data_path}: {e}") from e
ValueError: Could not open HDF5 file SMILySTICKS_centred_reprojected_FIXED.h5: [Errno 2] Unable to synchronously open file (unable to open file: name = 'SMILySTICKS_centred_reprojected_FIXED.h5', errno = 2, error message = 'No such file or directory', flags = 0, o_flags = 0)
    ddp_main(rank, world_size, args.dataset, args.checkpoint, config_override or None, master_port)
  File "/rwthfs/rz/cluster/home/mkd34160/2d/SMILify/smal_fitter/neuralSMIL/train_smil_regressor.py", line 214, in ddp_main
    dataset = UnifiedSMILDataset.from_path(
  File "/rwthfs/rz/cluster/home/mkd34160/2d/SMILify/smal_fitter/neuralSMIL/smil_datasets.py", line 179, in from_path
    return UnifiedSMILDataset._dispatch_hdf5(data_path, **kwargs)
  File "/rwthfs/rz/cluster/home/mkd34160/2d/SMILify/smal_fitter/neuralSMIL/smil_datasets.py", line 195, in _dispatch_hdf5
    main(dataset_name, checkpoint_path, config_override)
  File "/rwthfs/rz/cluster/home/mkd34160/2d/SMILify/smal_fitter/neuralSMIL/train_smil_regressor.py", line 1656, in main
    default_pg = _get_default_group()
  File "/hpcwork/mkd34160/conda_envs/pytorch3d/lib/python3.10/site-packages/torch/distributed/distributed_c10d.py", line 1008, in _get_default_group
    raise ValueError(f"Could not open HDF5 file {data_path}: {e}") from e
ValueError: Could not open HDF5 file SMILySTICKS_centred_reprojected_FIXED.h5: [Errno 2] Unable to synchronously open file (unable to open file: name = 'SMILySTICKS_centred_reprojected_FIXED.h5', errno = 2, error message = 'No such file or directory', flags = 0, o_flags = 0)
    dataset = UnifiedSMILDataset.from_path(
  File "/rwthfs/rz/cluster/home/mkd34160/2d/SMILify/smal_fitter/neuralSMIL/smil_datasets.py", line 179, in from_path
    return UnifiedSMILDataset._dispatch_hdf5(data_path, **kwargs)
  File "/rwthfs/rz/cluster/home/mkd34160/2d/SMILify/smal_fitter/neuralSMIL/smil_datasets.py", line 195, in _dispatch_hdf5
    raise ValueError(f"Could not open HDF5 file {data_path}: {e}") from e
ValueError: Could not open HDF5 file SMILySTICKS_centred_reprojected_FIXED.h5: [Errno 2] Unable to synchronously open file (unable to open file: name = 'SMILySTICKS_centred_reprojected_FIXED.h5', errno = 2, error message = 'No such file or directory', flags = 0, o_flags = 0)
    raise ValueError(
ValueError: Default process group has not been initialized, please make sure to call init_process_group.

Original exception was:
Traceback (most recent call last):
  File "/rwthfs/rz/cluster/home/mkd34160/2d/SMILify/smal_fitter/neuralSMIL/smil_datasets.py", line 185, in _dispatch_hdf5
    with h5py.File(data_path, "r") as f:
  File "/hpcwork/mkd34160/conda_envs/pytorch3d/lib/python3.10/site-packages/h5py/_hl/files.py", line 564, in __init__
    fid = make_fid(name, mode, userblock_size, fapl, fcpl, swmr=swmr)
  File "/hpcwork/mkd34160/conda_envs/pytorch3d/lib/python3.10/site-packages/h5py/_hl/files.py", line 238, in make_fid
    fid = h5f.open(name, flags, fapl=fapl)
  File "h5py/_objects.pyx", line 54, in h5py._objects.with_phil.wrapper
  File "h5py/_objects.pyx", line 55, in h5py._objects.with_phil.wrapper
  File "h5py/h5f.pyx", line 102, in h5py.h5f.open
FileNotFoundError: [Errno 2] Unable to synchronously open file (unable to open file: name = 'SMILySTICKS_centred_reprojected_FIXED.h5', errno = 2, error message = 'No such file or directory', flags = 0, o_flags = 0)

The above exception was the direct cause of the following exception:

Traceback (most recent call last):
  File "/hpcwork/mkd34160/conda_envs/pytorch3d/lib/python3.10/runpy.py", line 196, in _run_module_as_main
    return _run_code(code, main_globals, None,
  File "/hpcwork/mkd34160/conda_envs/pytorch3d/lib/python3.10/runpy.py", line 86, in _run_code
    exec(code, run_globals)
  File "/rwthfs/rz/cluster/home/mkd34160/2d/SMILify/smal_fitter/neuralSMIL/train_smil_regressor.py", line 2521, in <module>
    ddp_main(rank, world_size, args.dataset, args.checkpoint, config_override or None, master_port)
  File "/rwthfs/rz/cluster/home/mkd34160/2d/SMILify/smal_fitter/neuralSMIL/train_smil_regressor.py", line 214, in ddp_main
    main(dataset_name, checkpoint_path, config_override)
  File "/rwthfs/rz/cluster/home/mkd34160/2d/SMILify/smal_fitter/neuralSMIL/train_smil_regressor.py", line 1656, in main
    dataset = UnifiedSMILDataset.from_path(
  File "/rwthfs/rz/cluster/home/mkd34160/2d/SMILify/smal_fitter/neuralSMIL/smil_datasets.py", line 179, in from_path
    return UnifiedSMILDataset._dispatch_hdf5(data_path, **kwargs)
  File "/rwthfs/rz/cluster/home/mkd34160/2d/SMILify/smal_fitter/neuralSMIL/smil_datasets.py", line 195, in _dispatch_hdf5
    raise ValueError(f"Could not open HDF5 file {data_path}: {e}") from e
ValueError: Could not open HDF5 file SMILySTICKS_centred_reprojected_FIXED.h5: [Errno 2] Unable to synchronously open file (unable to open file: name = 'SMILySTICKS_centred_reprojected_FIXED.h5', errno = 2, error message = 'No such file or directory', flags = 0, o_flags = 0)
E0909 11:36:18.305000 22668530111232 torch/distributed/elastic/multiprocessing/api.py:826] failed (exitcode: 1) local_rank: 0 (pid: 108181) of binary: /hpcwork/mkd34160/conda_envs/pytorch3d/bin/python
E0909 11:36:18.305000 23210348860160 torch/distributed/elastic/multiprocessing/api.py:826] failed (exitcode: 1) local_rank: 0 (pid: 427091) of binary: /hpcwork/mkd34160/conda_envs/pytorch3d/bin/python
Traceback (most recent call last):
  File "/hpcwork/mkd34160/conda_envs/pytorch3d/bin/torchrun", line 33, in <module>
Traceback (most recent call last):
  File "/hpcwork/mkd34160/conda_envs/pytorch3d/bin/torchrun", line 33, in <module>
    sys.exit(load_entry_point('torch==2.3.1', 'console_scripts', 'torchrun')())
  File "/hpcwork/mkd34160/conda_envs/pytorch3d/lib/python3.10/site-packages/torch/distributed/elastic/multiprocessing/errors/__init__.py", line 347, in wrapper
    sys.exit(load_entry_point('torch==2.3.1', 'console_scripts', 'torchrun')())
  File "/hpcwork/mkd34160/conda_envs/pytorch3d/lib/python3.10/site-packages/torch/distributed/elastic/multiprocessing/errors/__init__.py", line 347, in wrapper
    return f(*args, **kwargs)
  File "/hpcwork/mkd34160/conda_envs/pytorch3d/lib/python3.10/site-packages/torch/distributed/run.py", line 879, in main
    return f(*args, **kwargs)
  File "/hpcwork/mkd34160/conda_envs/pytorch3d/lib/python3.10/site-packages/torch/distributed/run.py", line 879, in main
    run(args)
  File "/hpcwork/mkd34160/conda_envs/pytorch3d/lib/python3.10/site-packages/torch/distributed/run.py", line 870, in run
    run(args)
  File "/hpcwork/mkd34160/conda_envs/pytorch3d/lib/python3.10/site-packages/torch/distributed/run.py", line 870, in run
    elastic_launch(
  File "/hpcwork/mkd34160/conda_envs/pytorch3d/lib/python3.10/site-packages/torch/distributed/launcher/api.py", line 132, in __call__
    return launch_agent(self._config, self._entrypoint, list(args))
  File "/hpcwork/mkd34160/conda_envs/pytorch3d/lib/python3.10/site-packages/torch/distributed/launcher/api.py", line 263, in launch_agent
    elastic_launch(
  File "/hpcwork/mkd34160/conda_envs/pytorch3d/lib/python3.10/site-packages/torch/distributed/launcher/api.py", line 132, in __call__
    raise ChildFailedError(
    return launch_agent(self._config, self._entrypoint, list(args))
  File "/hpcwork/mkd34160/conda_envs/pytorch3d/lib/python3.10/site-packages/torch/distributed/launcher/api.py", line 263, in launch_agent
torch.distributed.elastic.multiprocessing.errors.ChildFailedError: 
============================================================
smal_fitter.neuralSMIL.train_smil_regressor FAILED
------------------------------------------------------------
Failures:
[1]:
  time      : 2026-09-09_11:36:18
  host      : n23g0021.hpc.itc.rwth-aachen.de
  rank      : 5 (local_rank: 1)
  exitcode  : 1 (pid: 108182)
  error_file: <N/A>
  traceback : To enable traceback see: https://pytorch.org/docs/stable/elastic/errors.html
[2]:
  time      : 2026-09-09_11:36:18
  host      : n23g0021.hpc.itc.rwth-aachen.de
  rank      : 6 (local_rank: 2)
  exitcode  : 1 (pid: 108183)
  error_file: <N/A>
  traceback : To enable traceback see: https://pytorch.org/docs/stable/elastic/errors.html
[3]:
  time      : 2026-09-09_11:36:18
  host      : n23g0021.hpc.itc.rwth-aachen.de
  rank      : 7 (local_rank: 3)
  exitcode  : 1 (pid: 108184)
  error_file: <N/A>
  traceback : To enable traceback see: https://pytorch.org/docs/stable/elastic/errors.html
------------------------------------------------------------
Root Cause (first observed failure):
[0]:
  time      : 2026-09-09_11:36:18
  host      : n23g0021.hpc.itc.rwth-aachen.de
  rank      : 4 (local_rank: 0)
  exitcode  : 1 (pid: 108181)
  error_file: <N/A>
  traceback : To enable traceback see: https://pytorch.org/docs/stable/elastic/errors.html
============================================================
    raise ChildFailedError(
torch.distributed.elastic.multiprocessing.errors.ChildFailedError: 
============================================================
smal_fitter.neuralSMIL.train_smil_regressor FAILED
------------------------------------------------------------
Failures:
[1]:
  time      : 2026-09-09_11:36:18
  host      : n23g0015.hpc.itc.rwth-aachen.de
  rank      : 1 (local_rank: 1)
  exitcode  : 1 (pid: 427092)
  error_file: <N/A>
  traceback : To enable traceback see: https://pytorch.org/docs/stable/elastic/errors.html
[2]:
  time      : 2026-09-09_11:36:18
  host      : n23g0015.hpc.itc.rwth-aachen.de
  rank      : 2 (local_rank: 2)
  exitcode  : 1 (pid: 427093)
  error_file: <N/A>
  traceback : To enable traceback see: https://pytorch.org/docs/stable/elastic/errors.html
[3]:
  time      : 2026-09-09_11:36:18
  host      : n23g0015.hpc.itc.rwth-aachen.de
  rank      : 3 (local_rank: 3)
  exitcode  : 1 (pid: 427094)
  error_file: <N/A>
  traceback : To enable traceback see: https://pytorch.org/docs/stable/elastic/errors.html
------------------------------------------------------------
Root Cause (first observed failure):
[0]:
  time      : 2026-09-09_11:36:18
  host      : n23g0015.hpc.itc.rwth-aachen.de
  rank      : 0 (local_rank: 0)
  exitcode  : 1 (pid: 427091)
  error_file: <N/A>
  traceback : To enable traceback see: https://pytorch.org/docs/stable/elastic/errors.html
============================================================
srun: error: n23g0021: task 1: Exited with exit code 1
srun: error: n23g0015: task 0: Exited with exit code 1
