==================================================================
Job 3175399 task 0 on n23g0016.hpc.itc.rwth-aachen.de — Wed Aug 26 12:08:41 CEST 2026
  arm    : CONSTRAINED / singleview
  cluster: RWTH CLAIX-2023 | partition c23g | account rwth2151
  repo   : /rwthfs/rz/cluster/home/mkd34160/test/SMILify
  env    : /hpcwork/mkd34160/conda/envs/pytorch3d
  config : configs_runs/singleview_constrained.json
==================================================================
  torch  : 2.3.1, CUDA 11.8, 4 GPU(s) visible
  resume checkpoint : singleview_SMILySTICKS_3D_ViT_checkpoints/best_model.pth (epoch 386)
  start epoch       : 387
  num_epochs (end)  : 397
  -> will train 10 epoch(s)
  joint_limit_regularization: 100.0
  smal_file         : 3D_model_prep/SMILy_STICK_limits_authored.pkl
  authored limits   : 129/162 non-root axes constrained (80%), across 43 joints
  NOTE: the penalty is a mean over ALL 162 non-root axes, so the effective
        prior strength is w x 0.80. At w=100.0 that is an effective 79.6.
  batch_size 16 per GPU x 4 GPUs -> effective 64 (batch_size is PER PROCESS under DDP)
  checkpoints -> runs/singleview_constrained/checkpoints

=== /rwthfs/rz/cluster/home/mkd34160/test/SMILify/configs_runs/singleview_constrained.json ===
  mode: singleview
  resume checkpoint: singleview_SMILySTICKS_3D_ViT_checkpoints/best_model.pth (epoch 386)
  inferred from tensors: {'hidden_dim': 1024}
  note: config declares hidden_dim=512 but backbone 'vit_large_patch16_224' forces 1024 via get_adjusted_hidden_dim() — the declared value is unused
  architecture: consistent with the checkpoint

Pre-flight OK — safe to submit.
[config] SMAL_FILE overridden to: 3D_model_prep/SMILy_STICK_limits_authored.pkl
[config] N_POSE=54, N_BETAS=5, joints=55
[config] SMAL_FILE overridden to: 3D_model_prep/SMILy_STICK_limits_authored.pkl[config] SMAL_FILE overridden to: 3D_model_prep/SMILy_STICK_limits_authored.pkl

[config] N_POSE=54, N_BETAS=5, joints=55[config] N_POSE=54, N_BETAS=5, joints=55

[config] SMAL_FILE overridden to: 3D_model_prep/SMILy_STICK_limits_authored.pkl
[config] N_POSE=54, N_BETAS=5, joints=55
Loaded config from: configs_runs/singleview_constrained.jsonLoaded config from: configs_runs/singleview_constrained.json

Resolved config saved to: runs/singleview_constrained/checkpoints/config.jsonResolved config saved to: runs/singleview_constrained/checkpoints/config.json
Loaded config from: configs_runs/singleview_constrained.json
Loaded config from: configs_runs/singleview_constrained.json

Detected torchrun/HPC launch environment:Resolved config saved to: runs/singleview_constrained/checkpoints/config.jsonResolved config saved to: runs/singleview_constrained/checkpoints/config.json


  Global rank: 0
  Local rank (GPU): 0
  World size: 4
  MASTER_ADDR: n23g0016.hpc.itc.rwth-aachen.de
  MASTER_PORT: 48083
[config] SMAL_FILE overridden to: 3D_model_prep/SMILy_STICK_limits_authored.pkl
[config] N_POSE=54, N_BETAS=5, joints=55
[config] SMAL_FILE overridden to: 3D_model_prep/SMILy_STICK_limits_authored.pkl
[config] N_POSE=54, N_BETAS=5, joints=55
[config] SMAL_FILE overridden to: 3D_model_prep/SMILy_STICK_limits_authored.pkl
[config] N_POSE=54, N_BETAS=5, joints=55
[config] SMAL_FILE overridden to: 3D_model_prep/SMILy_STICK_limits_authored.pkl
[config] N_POSE=54, N_BETAS=5, joints=55
============================================================
SMIL Training Configuration Summary
============================================================
Dataset: RealSMILyMouseFalknerFROM3D_no_crop
Data Path: RealSMILyMouseFalknerFROM3D_no_crop.h5
Train/Val/Test Split: 85.0%/5.0%/10.0%

Training Parameters:
  batch_size: 16
  num_epochs: 397
  learning_rate: 0.0001
  weight_decay: 0.0001
  seed: 42
  rotation_representation: 6d
  resume_checkpoint: singleview_SMILySTICKS_3D_ViT_checkpoints/best_model.pth
  num_workers: 8
  pin_memory: True
  prefetch_factor: 16

Model Configuration:
  backbone_name: vit_large_patch16_224
  freeze_backbone: True
  hidden_dim: 1024
  rgb_only: False
  use_unity_prior: False
  head_type: transformer_decoder
  Backbone type: Vision Transformer
  Feature dimension: 1024
  Regression head: transformer_decoder
  Transformer decoder config:
    hidden_dim: 1024
    depth: 6
    heads: 8
    dim_head: 64
    mlp_dim: 1024
    dropout: 0.1
    ief_iters: 3
    trans_scale_factor: 1

Loss Curriculum:
  Base weights:
    global_rot: 0.0
    joint_rot: 0.001
    betas: 0.0005
    trans: 0.0005
    fov: 0.0
    cam_rot: 0.0
    cam_trans: 0.0
    log_beta_scales: 0.0005
    betas_trans: 0.0005
    keypoint_2d: 0.1
    keypoint_3d: 0.25
    silhouette: 0.0
    joint_angle_regularization: 0.001
    limb_scale_regularization: 0.1
    limb_trans_regularization: 1
    joint_limit_regularization: 100.0
  Curriculum stages:
    Epoch 20+: {'keypoint_3d': 0.5, 'joint_angle_regularization': 0.0001}
    Epoch 50+: {'keypoint_3d': 1, 'joint_angle_regularization': 1e-05}
    Epoch 60+: {'keypoint_3d': 2, 'joint_angle_regularization': 1e-06, 'limb_scale_regularization': 0.001, 'limb_trans_regularization': 0.5}
    Epoch 120+: {'keypoint_3d': 2, 'joint_angle_regularization': 1e-06, 'limb_scale_regularization': 0.0005, 'limb_trans_regularization': 0.5}
    Epoch 200+: {'keypoint_3d': 2, 'joint_angle_regularization': 1e-06, 'limb_scale_regularization': 0.0001, 'limb_trans_regularization': 0.5}
    Epoch 250+: {'keypoint_3d': 2, 'joint_angle_regularization': 1e-06, 'limb_scale_regularization': 5e-05, 'limb_trans_regularization': 0.5}
    Epoch 300+: {'keypoint_3d': 2, 'joint_angle_regularization': 5e-07, 'limb_scale_regularization': 5e-05, 'limb_trans_regularization': 0.5}
    Epoch 400+: {'keypoint_3d': 2, 'joint_angle_regularization': 2e-07, 'limb_scale_regularization': 1e-05, 'limb_trans_regularization': 0.5}

Learning Rate Curriculum:
  Base learning rate: 0.0001
  Learning rate stages:
    Epoch 0+: 0.0001
    Epoch 120+: 5e-05
    Epoch 200+: 1e-05

Output Configuration:
  checkpoint_dir: runs/singleview_constrained/checkpoints
  plots_dir: runs/singleview_constrained/plots
  visualizations_dir: runs/singleview_constrained/visualizations
  train_visualizations_dir: runs/singleview_constrained/visualizations_train
  save_checkpoint_every: 5
  generate_visualizations_every: 5
  plot_history_every: 5
  num_visualization_samples: 5
============================================================
Random seed set to: 42
Using device override: cuda:0
Loading dataset...
Using rotation representation: 6d
Using backbone: vit_large_patch16_224

======================================================================
SINGLE DATASET TRAINING MODE (Legacy)
======================================================================
SLEAP dataset support: enabled
Dataset size: 506250
Original resolution: 512
Target resolution: 512
Single-view-from-multiview split (sample-grouped, seed=42): 86062/5062/10126 samples -> 430310/25310/50630 view-items
Train set: 430310 samples
Validation set: 25310 samples
Test set: 50630 samples
Data loading configuration:
  Workers: 8
  Pin memory: True
  Prefetch factor: 16
  Matplotlib backend: Agg
Using distributed samplers for 4 GPUs
Effective batch size per GPU: 16
Total effective batch size: 64
Rank 0: Train sampler size: 107578, Val sampler size: 6328
Successfully created data loaders with 8 workers
Memory Status Before model initialization:
  GPU: 0.0MB / 95319.4MB (0.0%)
  System: 35359.9MB / 515103.4MB (6.9%)
Memory recommendations for vit_large_patch16_224:
  backbone_name: vit_large_patch16_224
  freeze_backbone: True
  use_mixed_precision: True
  use_gradient_checkpointing: True
  target_memory_gb: 19.200000000000003
  estimated_batch_size: 16
  hidden_dim: 1024
Initializing model...
Using backbone: vit_large_patch16_224
Using input resolution: 224x224 (backbone: vit_large_patch16_224)
[ViTBackbone:vit_large_patch16_224] input normalization: mean=[0.5, 0.5, 0.5], std=[0.5, 0.5, 0.5]
[ViTBackbone:vit_large_patch16_224] input normalization: mean=[0.5, 0.5, 0.5], std=[0.5, 0.5, 0.5]
[ViTBackbone:vit_large_patch16_224] input normalization: mean=[0.5, 0.5, 0.5], std=[0.5, 0.5, 0.5]
[ViTBackbone:vit_large_patch16_224] input normalization: mean=[0.5, 0.5, 0.5], std=[0.5, 0.5, 0.5]
Model created with head type: transformer_decoder
Scale/Translation mode: separate
Transformer decoder config: {'hidden_dim': 1024, 'depth': 6, 'heads': 8, 'dim_head': 64, 'mlp_dim': 1024, 'dropout': 0.1, 'ief_iters': 3, 'trans_scale_factor': 1}
  Trans scale factor: 1
Memory Status After model initialization:
  GPU: 1310.2MB / 95319.4MB (1.4%)
  System: 39299.1MB / 515103.4MB (7.6%)
Model wrapped with DistributedDataParallel on 4 GPUs
Model parameters: 329,919,097
  Backbone parameters: 303,301,632
  Transformer decoder parameters: 26,614,771
Using conservative learning rate for transformer decoder: 1.0000000000000002e-06
Optimizer parameter groups created:
  Backbone/other groups: 2
    -  (lr=0.0001)
    -  (lr=0.0001)
  Transformer groups: 0
  Total groups: 2

Optimizer configuration:
  Type: AdamW
  Initial learning rate: 0.0001
  Weight decay: 0.0001
  Number of parameter groups: 2
  Group 0: 294 tensors, 303,301,632 total parameters, lr=0.0001
  Group 1: 107 tensors, 26,614,771 total parameters, lr=0.0001
Loading checkpoint from: singleview_SMILySTICKS_3D_ViT_checkpoints/best_model.pth
Converting non-DDP checkpoint to DDP model...
Model state loaded successfully

Optimizer parameter group comparison:
  Current optimizer has 2 parameter group(s)
  Checkpoint has 2 parameter group(s)
  Group 0:
    Current: 294 parameters, lr=0.0001
    Checkpoint: 294 parameters, lr=1.0000000000000002e-06
  Group 1:
    Current: 107 parameters, lr=0.0001
    Checkpoint: 107 parameters, lr=1.0000000000000002e-06

Optimizer state loaded successfully
Learning rate updated to 1e-05 for resumed epoch 387
Loaded training history with 387 epochs
Loaded validation history with 387 epochs
Loaded training parameter error history with 387 epochs
Loaded validation parameter error history with 387 epochs
Resuming training from epoch 387
Best validation loss so far: 0.000002
Starting training...
Resuming from epoch 387
Learning rate updated to 1.0000000000000002e-06 (group '') at epoch 387
Learning rate updated to 1.0000000000000002e-06 (group '') at epoch 387
Joint importance: 6/6 joints matched, multiplier=10.0
Joint importance: 6/6 joints matched, multiplier=10.0
Joint importance: 6/6 joints matched, multiplier=10.0
Joint importance: 6/6 joints matched, multiplier=10.0

Epoch 387:
  Train Loss = 0.020425, Val Loss = 0.000050, LR = 1.00e-05
  Parameter Errors (Train / Val):
    betas          : 0.049835 / 0.005135
    betas_trans    : 0.000000 / 0.000000
    cam_rot        : 0.000000 / 0.000000
    cam_trans      : 0.000000 / 0.000000
    fov            : 0.000000 / 0.000000
    global_rot     : 0.000000 / 0.000000
    joint_angle_regularization: 0.068054 / 0.068611
    joint_limit_regularization: 0.000203 / 0.000000
    joint_rot      : 0.000000 / 0.000000
    keypoint_2d    : 0.000408 / 0.000231
    keypoint_3d    : 0.000009 / 0.000005
    limb_scale_regularization: 0.006732 / 0.008812
    limb_trans_regularization: 0.000010 / 0.000004
    log_beta_scales: 0.000000 / 0.000000
    silhouette     : 0.000000 / 0.000000
    trans          : 0.000000 / 0.000000

Epoch 388:
  Train Loss = 0.000065, Val Loss = 0.000028, LR = 1.00e-05
  Parameter Errors (Train / Val):
    betas          : 0.002922 / 0.000918
    betas_trans    : 0.000000 / 0.000000
    cam_rot        : 0.000000 / 0.000000
    cam_trans      : 0.000000 / 0.000000
    fov            : 0.000000 / 0.000000
    global_rot     : 0.000000 / 0.000000
    joint_angle_regularization: 0.069205 / 0.070623
    joint_limit_regularization: 0.000000 / 0.000000
    joint_rot      : 0.000000 / 0.000000
    keypoint_2d    : 0.000200 / 0.000151
    keypoint_3d    : 0.000004 / 0.000003
    limb_scale_regularization: 0.011995 / 0.014661
    limb_trans_regularization: 0.000004 / 0.000004
    log_beta_scales: 0.000000 / 0.000000
    silhouette     : 0.000000 / 0.000000
    trans          : 0.000000 / 0.000000

Epoch 389:
  Train Loss = 0.000044, Val Loss = 0.000025, LR = 1.00e-05
  Parameter Errors (Train / Val):
    betas          : 0.001413 / 0.000513
    betas_trans    : 0.000000 / 0.000000
    cam_rot        : 0.000000 / 0.000000
    cam_trans      : 0.000000 / 0.000000
    fov            : 0.000000 / 0.000000
    global_rot     : 0.000000 / 0.000000
    joint_angle_regularization: 0.070695 / 0.069797
    joint_limit_regularization: 0.000000 / 0.000000
    joint_rot      : 0.000000 / 0.000000
    keypoint_2d    : 0.000148 / 0.000117
    keypoint_3d    : 0.000003 / 0.000003
    limb_scale_regularization: 0.015736 / 0.017229
    limb_trans_regularization: 0.000004 / 0.000004
    log_beta_scales: 0.000000 / 0.000000
    silhouette     : 0.000000 / 0.000000
    trans          : 0.000000 / 0.000000
  Checkpoint saved at epoch 389
Visualizing 5 samples from dataset: unknown
Generated 5 visualization images for epoch 389 in runs/singleview_constrained/visualizations/epoch_389
Visualizing 5 samples from dataset: unknown
Generated 5 visualization images for epoch 389 in runs/singleview_constrained/visualizations_train/epoch_389

Epoch 390:
  Train Loss = 0.000043, Val Loss = 0.000019, LR = 1.00e-05
  Parameter Errors (Train / Val):
    betas          : 0.001238 / 0.000452
    betas_trans    : 0.000000 / 0.000000
    cam_rot        : 0.000000 / 0.000000
    cam_trans      : 0.000000 / 0.000000
    fov            : 0.000000 / 0.000000
    global_rot     : 0.000000 / 0.000000
    joint_angle_regularization: 0.071442 / 0.070528
    joint_limit_regularization: 0.000000 / 0.000000
    joint_rot      : 0.000000 / 0.000000
    keypoint_2d    : 0.000121 / 0.000094
    keypoint_3d    : 0.000003 / 0.000002
    limb_scale_regularization: 0.018008 / 0.018664
    limb_trans_regularization: 0.000005 / 0.000004
    log_beta_scales: 0.000000 / 0.000000
    silhouette     : 0.000000 / 0.000000
    trans          : 0.000000 / 0.000000

Epoch 391:
  Train Loss = 0.000034, Val Loss = 0.000017, LR = 1.00e-05
  Parameter Errors (Train / Val):
    betas          : 0.001012 / 0.000288
    betas_trans    : 0.000000 / 0.000000
    cam_rot        : 0.000000 / 0.000000
    cam_trans      : 0.000000 / 0.000000
    fov            : 0.000000 / 0.000000
    global_rot     : 0.000000 / 0.000000
    joint_angle_regularization: 0.071163 / 0.071316
    joint_limit_regularization: 0.000000 / 0.000000
    joint_rot      : 0.000000 / 0.000000
    keypoint_2d    : 0.000098 / 0.000080
    keypoint_3d    : 0.000002 / 0.000002
    limb_scale_regularization: 0.019086 / 0.020054
    limb_trans_regularization: 0.000004 / 0.000004
    log_beta_scales: 0.000000 / 0.000000
    silhouette     : 0.000000 / 0.000000
    trans          : 0.000000 / 0.000000

Epoch 392:
  Train Loss = 0.000030, Val Loss = 0.000016, LR = 1.00e-05
  Parameter Errors (Train / Val):
    betas          : 0.000876 / 0.000286
    betas_trans    : 0.000000 / 0.000000
    cam_rot        : 0.000000 / 0.000000
    cam_trans      : 0.000000 / 0.000000
    fov            : 0.000000 / 0.000000
    global_rot     : 0.000000 / 0.000000
    joint_angle_regularization: 0.071073 / 0.072847
    joint_limit_regularization: 0.000000 / 0.000000
    joint_rot      : 0.000000 / 0.000000
    keypoint_2d    : 0.000088 / 0.000073
    keypoint_3d    : 0.000002 / 0.000002
    limb_scale_regularization: 0.020601 / 0.020933
    limb_trans_regularization: 0.000004 / 0.000004
    log_beta_scales: 0.000000 / 0.000000
    silhouette     : 0.000000 / 0.000000
    trans          : 0.000000 / 0.000000

Epoch 393:
  Train Loss = 0.000031, Val Loss = 0.000015, LR = 1.00e-05
  Parameter Errors (Train / Val):
    betas          : 0.000787 / 0.000219
    betas_trans    : 0.000000 / 0.000000
    cam_rot        : 0.000000 / 0.000000
    cam_trans      : 0.000000 / 0.000000
    fov            : 0.000000 / 0.000000
    global_rot     : 0.000000 / 0.000000
    joint_angle_regularization: 0.072761 / 0.074228
    joint_limit_regularization: 0.000000 / 0.000000
    joint_rot      : 0.000000 / 0.000000
    keypoint_2d    : 0.000080 / 0.000066
    keypoint_3d    : 0.000002 / 0.000002
    limb_scale_regularization: 0.020678 / 0.020628
    limb_trans_regularization: 0.000004 / 0.000003
    log_beta_scales: 0.000000 / 0.000000
    silhouette     : 0.000000 / 0.000000
    trans          : 0.000000 / 0.000000

Epoch 394:
  Train Loss = 0.000020, Val Loss = 0.000013, LR = 1.00e-05
  Parameter Errors (Train / Val):
    betas          : 0.000661 / 0.000173
    betas_trans    : 0.000000 / 0.000000
    cam_rot        : 0.000000 / 0.000000
    cam_trans      : 0.000000 / 0.000000
    fov            : 0.000000 / 0.000000
    global_rot     : 0.000000 / 0.000000
    joint_angle_regularization: 0.074581 / 0.074262
    joint_limit_regularization: 0.000000 / 0.000000
    joint_rot      : 0.000000 / 0.000000
    keypoint_2d    : 0.000070 / 0.000058
    keypoint_3d    : 0.000002 / 0.000001
    limb_scale_regularization: 0.020508 / 0.020713
    limb_trans_regularization: 0.000003 / 0.000003
    log_beta_scales: 0.000000 / 0.000000
    silhouette     : 0.000000 / 0.000000
    trans          : 0.000000 / 0.000000
  Checkpoint saved at epoch 394
Visualizing 5 samples from dataset: unknown
Generated 5 visualization images for epoch 394 in runs/singleview_constrained/visualizations/epoch_394
Visualizing 5 samples from dataset: unknown
Generated 5 visualization images for epoch 394 in runs/singleview_constrained/visualizations_train/epoch_394

Epoch 395:
  Train Loss = 0.000022, Val Loss = 0.000013, LR = 1.00e-05
  Parameter Errors (Train / Val):
    betas          : 0.000640 / 0.000174
    betas_trans    : 0.000000 / 0.000000
    cam_rot        : 0.000000 / 0.000000
    cam_trans      : 0.000000 / 0.000000
    fov            : 0.000000 / 0.000000
    global_rot     : 0.000000 / 0.000000
    joint_angle_regularization: 0.075699 / 0.075483
    joint_limit_regularization: 0.000000 / 0.000000
    joint_rot      : 0.000000 / 0.000000
    keypoint_2d    : 0.000064 / 0.000052
    keypoint_3d    : 0.000002 / 0.000001
    limb_scale_regularization: 0.019932 / 0.020044
    limb_trans_regularization: 0.000003 / 0.000002
    log_beta_scales: 0.000000 / 0.000000
    silhouette     : 0.000000 / 0.000000
    trans          : 0.000000 / 0.000000

Epoch 396:
  Train Loss = 0.000022, Val Loss = 0.000012, LR = 1.00e-05
  Parameter Errors (Train / Val):
    betas          : 0.000619 / 0.000170
    betas_trans    : 0.000000 / 0.000000
    cam_rot        : 0.000000 / 0.000000
    cam_trans      : 0.000000 / 0.000000
    fov            : 0.000000 / 0.000000
    global_rot     : 0.000000 / 0.000000
    joint_angle_regularization: 0.077105 / 0.075824
    joint_limit_regularization: 0.000000 / 0.000000
    joint_rot      : 0.000000 / 0.000000
    keypoint_2d    : 0.000061 / 0.000051
    keypoint_3d    : 0.000002 / 0.000001
    limb_scale_regularization: 0.019985 / 0.019808
    limb_trans_regularization: 0.000002 / 0.000002
    log_beta_scales: 0.000000 / 0.000000
    silhouette     : 0.000000 / 0.000000
    trans          : 0.000000 / 0.000000
Training completed!
Evaluating on test set...
Test Loss: 0.000011
Test Parameter Errors:
  betas          : 0.000169
  betas_trans    : 0.000000
  cam_rot        : 0.000000
  cam_trans      : 0.000000
  fov            : 0.000000
  global_rot     : 0.000000
  joint_angle_regularization: 0.075538
  joint_limit_regularization: 0.000000
  joint_rot      : 0.000000
  keypoint_2d    : 0.000051
  keypoint_3d    : 0.000001
  limb_scale_regularization: 0.019722
  limb_trans_regularization: 0.000002
  log_beta_scales: 0.000000
  silhouette     : 0.000000
  trans          : 0.000000
Done (singleview) — Wed Aug 26 14:48:27 CEST 2026
